2026-06-04 13:05:43,987  11 GPA/AP IB Alevel三大课程对比3.pdf | 'utf-8' codec can't decode byte 0x89 in position 292: invalid start byte
Traceback (most recent call last):
  File "/Users/yangyang/Desktop/留学_数据清洗/process_batch3.py", line 306, in main
    summary, chunks = process_file(row, seq, force_ocr=force_ocr)
                      ~~~~~~~~~~~~^^^^^^^^^^^^^^^^^^^^^^^^^^^^^^^
  File "/Users/yangyang/Desktop/留学_数据清洗/process_batch3.py", line 210, in process_file
    pages    = ocr_pdf(file_path)
  File "/Users/yangyang/Desktop/留学_数据清洗/process_batch3.py", line 172, in ocr_pdf
    text = pytesseract.image_to_string(img, lang=OCR_LANG,
                                       config="--psm 3 --oem 1")
  File "/Library/Frameworks/Python.framework/Versions/3.13/lib/python3.13/site-packages/pytesseract/pytesseract.py", line 486, in image_to_string
    return {
           ~
    ...<2 lines>...
        Output.STRING: lambda: run_and_get_output(*args),
        ~~~~~~~~~~~~~~~~~~~~~~~~~~~~~~~~~~~~~~~~~~~~~~~~~
    }[output_type]()
    ~~~~~~~~~~~~~~^^
  File "/Library/Frameworks/Python.framework/Versions/3.13/lib/python3.13/site-packages/pytesseract/pytesseract.py", line 489, in <lambda>
    Output.STRING: lambda: run_and_get_output(*args),
                           ~~~~~~~~~~~~~~~~~~^^^^^^^
  File "/Library/Frameworks/Python.framework/Versions/3.13/lib/python3.13/site-packages/pytesseract/pytesseract.py", line 352, in run_and_get_output
    run_tesseract(**kwargs)
    ~~~~~~~~~~~~~^^^^^^^^^^
  File "/Library/Frameworks/Python.framework/Versions/3.13/lib/python3.13/site-packages/pytesseract/pytesseract.py", line 284, in run_tesseract
    raise TesseractError(proc.returncode, get_errors(error_string))
                                          ~~~~~~~~~~^^^^^^^^^^^^^^
  File "/Library/Frameworks/Python.framework/Versions/3.13/lib/python3.13/site-packages/pytesseract/pytesseract.py", line 172, in get_errors
    line for line in error_string.decode(DEFAULT_ENCODING).splitlines()
                     ~~~~~~~~~~~~~~~~~~~^^^^^^^^^^^^^^^^^^
UnicodeDecodeError: 'utf-8' codec can't decode byte 0x89 in position 292: invalid start byte
2026-06-04 13:05:44,428  11 GPA/AP IB Alevel三大课程对比2.pdf | 'utf-8' codec can't decode byte 0x89 in position 292: invalid start byte
Traceback (most recent call last):
  File "/Users/yangyang/Desktop/留学_数据清洗/process_batch3.py", line 306, in main
    summary, chunks = process_file(row, seq, force_ocr=force_ocr)
                      ~~~~~~~~~~~~^^^^^^^^^^^^^^^^^^^^^^^^^^^^^^^
  File "/Users/yangyang/Desktop/留学_数据清洗/process_batch3.py", line 210, in process_file
    pages    = ocr_pdf(file_path)
  File "/Users/yangyang/Desktop/留学_数据清洗/process_batch3.py", line 172, in ocr_pdf
    text = pytesseract.image_to_string(img, lang=OCR_LANG,
                                       config="--psm 3 --oem 1")
  File "/Library/Frameworks/Python.framework/Versions/3.13/lib/python3.13/site-packages/pytesseract/pytesseract.py", line 486, in image_to_string
    return {
           ~
    ...<2 lines>...
        Output.STRING: lambda: run_and_get_output(*args),
        ~~~~~~~~~~~~~~~~~~~~~~~~~~~~~~~~~~~~~~~~~~~~~~~~~
    }[output_type]()
    ~~~~~~~~~~~~~~^^
  File "/Library/Frameworks/Python.framework/Versions/3.13/lib/python3.13/site-packages/pytesseract/pytesseract.py", line 489, in <lambda>
    Output.STRING: lambda: run_and_get_output(*args),
                           ~~~~~~~~~~~~~~~~~~^^^^^^^
  File "/Library/Frameworks/Python.framework/Versions/3.13/lib/python3.13/site-packages/pytesseract/pytesseract.py", line 352, in run_and_get_output
    run_tesseract(**kwargs)
    ~~~~~~~~~~~~~^^^^^^^^^^
  File "/Library/Frameworks/Python.framework/Versions/3.13/lib/python3.13/site-packages/pytesseract/pytesseract.py", line 284, in run_tesseract
    raise TesseractError(proc.returncode, get_errors(error_string))
                                          ~~~~~~~~~~^^^^^^^^^^^^^^
  File "/Library/Frameworks/Python.framework/Versions/3.13/lib/python3.13/site-packages/pytesseract/pytesseract.py", line 172, in get_errors
    line for line in error_string.decode(DEFAULT_ENCODING).splitlines()
                     ~~~~~~~~~~~~~~~~~~~^^^^^^^^^^^^^^^^^^
UnicodeDecodeError: 'utf-8' codec can't decode byte 0x89 in position 292: invalid start byte
2026-06-04 13:05:44,865  11 GPA/AP IB Alevel三大课程对比.pdf | 'utf-8' codec can't decode byte 0x89 in position 292: invalid start byte
Traceback (most recent call last):
  File "/Users/yangyang/Desktop/留学_数据清洗/process_batch3.py", line 306, in main
    summary, chunks = process_file(row, seq, force_ocr=force_ocr)
                      ~~~~~~~~~~~~^^^^^^^^^^^^^^^^^^^^^^^^^^^^^^^
  File "/Users/yangyang/Desktop/留学_数据清洗/process_batch3.py", line 210, in process_file
    pages    = ocr_pdf(file_path)
  File "/Users/yangyang/Desktop/留学_数据清洗/process_batch3.py", line 172, in ocr_pdf
    text = pytesseract.image_to_string(img, lang=OCR_LANG,
                                       config="--psm 3 --oem 1")
  File "/Library/Frameworks/Python.framework/Versions/3.13/lib/python3.13/site-packages/pytesseract/pytesseract.py", line 486, in image_to_string
    return {
           ~
    ...<2 lines>...
        Output.STRING: lambda: run_and_get_output(*args),
        ~~~~~~~~~~~~~~~~~~~~~~~~~~~~~~~~~~~~~~~~~~~~~~~~~
    }[output_type]()
    ~~~~~~~~~~~~~~^^
  File "/Library/Frameworks/Python.framework/Versions/3.13/lib/python3.13/site-packages/pytesseract/pytesseract.py", line 489, in <lambda>
    Output.STRING: lambda: run_and_get_output(*args),
                           ~~~~~~~~~~~~~~~~~~^^^^^^^
  File "/Library/Frameworks/Python.framework/Versions/3.13/lib/python3.13/site-packages/pytesseract/pytesseract.py", line 352, in run_and_get_output
    run_tesseract(**kwargs)
    ~~~~~~~~~~~~~^^^^^^^^^^
  File "/Library/Frameworks/Python.framework/Versions/3.13/lib/python3.13/site-packages/pytesseract/pytesseract.py", line 284, in run_tesseract
    raise TesseractError(proc.returncode, get_errors(error_string))
                                          ~~~~~~~~~~^^^^^^^^^^^^^^
  File "/Library/Frameworks/Python.framework/Versions/3.13/lib/python3.13/site-packages/pytesseract/pytesseract.py", line 172, in get_errors
    line for line in error_string.decode(DEFAULT_ENCODING).splitlines()
                     ~~~~~~~~~~~~~~~~~~~^^^^^^^^^^^^^^^^^^
UnicodeDecodeError: 'utf-8' codec can't decode byte 0x89 in position 292: invalid start byte
2026-06-04 13:06:06,373  11 GPA/11.2 A-Level/深圳_深国交/2021录取结果.pdf | 'utf-8' codec can't decode byte 0x89 in position 292: invalid start byte
Traceback (most recent call last):
  File "/Users/yangyang/Desktop/留学_数据清洗/process_batch3.py", line 306, in main
    summary, chunks = process_file(row, seq, force_ocr=force_ocr)
                      ~~~~~~~~~~~~^^^^^^^^^^^^^^^^^^^^^^^^^^^^^^^
  File "/Users/yangyang/Desktop/留学_数据清洗/process_batch3.py", line 215, in process_file
    pages    = ocr_pdf(file_path)
  File "/Users/yangyang/Desktop/留学_数据清洗/process_batch3.py", line 172, in ocr_pdf
    text = pytesseract.image_to_string(img, lang=OCR_LANG,
                                       config="--psm 3 --oem 1")
  File "/Library/Frameworks/Python.framework/Versions/3.13/lib/python3.13/site-packages/pytesseract/pytesseract.py", line 486, in image_to_string
    return {
           ~
    ...<2 lines>...
        Output.STRING: lambda: run_and_get_output(*args),
        ~~~~~~~~~~~~~~~~~~~~~~~~~~~~~~~~~~~~~~~~~~~~~~~~~
    }[output_type]()
    ~~~~~~~~~~~~~~^^
  File "/Library/Frameworks/Python.framework/Versions/3.13/lib/python3.13/site-packages/pytesseract/pytesseract.py", line 489, in <lambda>
    Output.STRING: lambda: run_and_get_output(*args),
                           ~~~~~~~~~~~~~~~~~~^^^^^^^
  File "/Library/Frameworks/Python.framework/Versions/3.13/lib/python3.13/site-packages/pytesseract/pytesseract.py", line 352, in run_and_get_output
    run_tesseract(**kwargs)
    ~~~~~~~~~~~~~^^^^^^^^^^
  File "/Library/Frameworks/Python.framework/Versions/3.13/lib/python3.13/site-packages/pytesseract/pytesseract.py", line 284, in run_tesseract
    raise TesseractError(proc.returncode, get_errors(error_string))
                                          ~~~~~~~~~~^^^^^^^^^^^^^^
  File "/Library/Frameworks/Python.framework/Versions/3.13/lib/python3.13/site-packages/pytesseract/pytesseract.py", line 172, in get_errors
    line for line in error_string.decode(DEFAULT_ENCODING).splitlines()
                     ~~~~~~~~~~~~~~~~~~~^^^^^^^^^^^^^^^^^^
UnicodeDecodeError: 'utf-8' codec can't decode byte 0x89 in position 292: invalid start byte
2026-06-04 13:06:12,118  11 GPA/11.1 AP/上海_华二国际部/【讲座精华】在一年只招40个学生的华二国际班读书，是一种什么样的体验？.pdf | 'utf-8' codec can't decode byte 0x89 in position 292: invalid start byte
Traceback (most recent call last):
  File "/Users/yangyang/Desktop/留学_数据清洗/process_batch3.py", line 306, in main
    summary, chunks = process_file(row, seq, force_ocr=force_ocr)
                      ~~~~~~~~~~~~^^^^^^^^^^^^^^^^^^^^^^^^^^^^^^^
  File "/Users/yangyang/Desktop/留学_数据清洗/process_batch3.py", line 210, in process_file
    pages    = ocr_pdf(file_path)
  File "/Users/yangyang/Desktop/留学_数据清洗/process_batch3.py", line 172, in ocr_pdf
    text = pytesseract.image_to_string(img, lang=OCR_LANG,
                                       config="--psm 3 --oem 1")
  File "/Library/Frameworks/Python.framework/Versions/3.13/lib/python3.13/site-packages/pytesseract/pytesseract.py", line 486, in image_to_string
    return {
           ~
    ...<2 lines>...
        Output.STRING: lambda: run_and_get_output(*args),
        ~~~~~~~~~~~~~~~~~~~~~~~~~~~~~~~~~~~~~~~~~~~~~~~~~
    }[output_type]()
    ~~~~~~~~~~~~~~^^
  File "/Library/Frameworks/Python.framework/Versions/3.13/lib/python3.13/site-packages/pytesseract/pytesseract.py", line 489, in <lambda>
    Output.STRING: lambda: run_and_get_output(*args),
                           ~~~~~~~~~~~~~~~~~~^^^^^^^
  File "/Library/Frameworks/Python.framework/Versions/3.13/lib/python3.13/site-packages/pytesseract/pytesseract.py", line 352, in run_and_get_output
    run_tesseract(**kwargs)
    ~~~~~~~~~~~~~^^^^^^^^^^
  File "/Library/Frameworks/Python.framework/Versions/3.13/lib/python3.13/site-packages/pytesseract/pytesseract.py", line 284, in run_tesseract
    raise TesseractError(proc.returncode, get_errors(error_string))
                                          ~~~~~~~~~~^^^^^^^^^^^^^^
  File "/Library/Frameworks/Python.framework/Versions/3.13/lib/python3.13/site-packages/pytesseract/pytesseract.py", line 172, in get_errors
    line for line in error_string.decode(DEFAULT_ENCODING).splitlines()
                     ~~~~~~~~~~~~~~~~~~~^^^^^^^^^^^^^^^^^^
UnicodeDecodeError: 'utf-8' codec can't decode byte 0x89 in position 292: invalid start byte
2026-06-04 13:06:13,838  11 GPA/11.1 AP/上海_华二国际部/公办AP的佼佼者——华二国课班.pdf | 'utf-8' codec can't decode byte 0x89 in position 292: invalid start byte
Traceback (most recent call last):
  File "/Users/yangyang/Desktop/留学_数据清洗/process_batch3.py", line 306, in main
    summary, chunks = process_file(row, seq, force_ocr=force_ocr)
                      ~~~~~~~~~~~~^^^^^^^^^^^^^^^^^^^^^^^^^^^^^^^
  File "/Users/yangyang/Desktop/留学_数据清洗/process_batch3.py", line 210, in process_file
    pages    = ocr_pdf(file_path)
  File "/Users/yangyang/Desktop/留学_数据清洗/process_batch3.py", line 172, in ocr_pdf
    text = pytesseract.image_to_string(img, lang=OCR_LANG,
                                       config="--psm 3 --oem 1")
  File "/Library/Frameworks/Python.framework/Versions/3.13/lib/python3.13/site-packages/pytesseract/pytesseract.py", line 486, in image_to_string
    return {
           ~
    ...<2 lines>...
        Output.STRING: lambda: run_and_get_output(*args),
        ~~~~~~~~~~~~~~~~~~~~~~~~~~~~~~~~~~~~~~~~~~~~~~~~~
    }[output_type]()
    ~~~~~~~~~~~~~~^^
  File "/Library/Frameworks/Python.framework/Versions/3.13/lib/python3.13/site-packages/pytesseract/pytesseract.py", line 489, in <lambda>
    Output.STRING: lambda: run_and_get_output(*args),
                           ~~~~~~~~~~~~~~~~~~^^^^^^^
  File "/Library/Frameworks/Python.framework/Versions/3.13/lib/python3.13/site-packages/pytesseract/pytesseract.py", line 352, in run_and_get_output
    run_tesseract(**kwargs)
    ~~~~~~~~~~~~~^^^^^^^^^^
  File "/Library/Frameworks/Python.framework/Versions/3.13/lib/python3.13/site-packages/pytesseract/pytesseract.py", line 284, in run_tesseract
    raise TesseractError(proc.returncode, get_errors(error_string))
                                          ~~~~~~~~~~^^^^^^^^^^^^^^
  File "/Library/Frameworks/Python.framework/Versions/3.13/lib/python3.13/site-packages/pytesseract/pytesseract.py", line 172, in get_errors
    line for line in error_string.decode(DEFAULT_ENCODING).splitlines()
                     ~~~~~~~~~~~~~~~~~~~^^^^^^^^^^^^^^^^^^
UnicodeDecodeError: 'utf-8' codec can't decode byte 0x89 in position 292: invalid start byte
2026-06-04 13:06:14,279  11 GPA/11.1 AP/重庆_南开/斯坦福牛津Case.pdf | 'utf-8' codec can't decode byte 0x89 in position 292: invalid start byte
Traceback (most recent call last):
  File "/Users/yangyang/Desktop/留学_数据清洗/process_batch3.py", line 306, in main
    summary, chunks = process_file(row, seq, force_ocr=force_ocr)
                      ~~~~~~~~~~~~^^^^^^^^^^^^^^^^^^^^^^^^^^^^^^^
  File "/Users/yangyang/Desktop/留学_数据清洗/process_batch3.py", line 210, in process_file
    pages    = ocr_pdf(file_path)
  File "/Users/yangyang/Desktop/留学_数据清洗/process_batch3.py", line 172, in ocr_pdf
    text = pytesseract.image_to_string(img, lang=OCR_LANG,
                                       config="--psm 3 --oem 1")
  File "/Library/Frameworks/Python.framework/Versions/3.13/lib/python3.13/site-packages/pytesseract/pytesseract.py", line 486, in image_to_string
    return {
           ~
    ...<2 lines>...
        Output.STRING: lambda: run_and_get_output(*args),
        ~~~~~~~~~~~~~~~~~~~~~~~~~~~~~~~~~~~~~~~~~~~~~~~~~
    }[output_type]()
    ~~~~~~~~~~~~~~^^
  File "/Library/Frameworks/Python.framework/Versions/3.13/lib/python3.13/site-packages/pytesseract/pytesseract.py", line 489, in <lambda>
    Output.STRING: lambda: run_and_get_output(*args),
                           ~~~~~~~~~~~~~~~~~~^^^^^^^
  File "/Library/Frameworks/Python.framework/Versions/3.13/lib/python3.13/site-packages/pytesseract/pytesseract.py", line 352, in run_and_get_output
    run_tesseract(**kwargs)
    ~~~~~~~~~~~~~^^^^^^^^^^
  File "/Library/Frameworks/Python.framework/Versions/3.13/lib/python3.13/site-packages/pytesseract/pytesseract.py", line 284, in run_tesseract
    raise TesseractError(proc.returncode, get_errors(error_string))
                                          ~~~~~~~~~~^^^^^^^^^^^^^^
  File "/Library/Frameworks/Python.framework/Versions/3.13/lib/python3.13/site-packages/pytesseract/pytesseract.py", line 172, in get_errors
    line for line in error_string.decode(DEFAULT_ENCODING).splitlines()
                     ~~~~~~~~~~~~~~~~~~~^^^^^^^^^^^^^^^^^^
UnicodeDecodeError: 'utf-8' codec can't decode byte 0x89 in position 292: invalid start byte
2026-06-04 13:06:25,157  11 GPA/11.1 AP/重庆_南开/JHU录取.pdf | 'utf-8' codec can't decode byte 0x89 in position 292: invalid start byte
Traceback (most recent call last):
  File "/Users/yangyang/Desktop/留学_数据清洗/process_batch3.py", line 306, in main
    summary, chunks = process_file(row, seq, force_ocr=force_ocr)
                      ~~~~~~~~~~~~^^^^^^^^^^^^^^^^^^^^^^^^^^^^^^^
  File "/Users/yangyang/Desktop/留学_数据清洗/process_batch3.py", line 215, in process_file
    pages    = ocr_pdf(file_path)
  File "/Users/yangyang/Desktop/留学_数据清洗/process_batch3.py", line 172, in ocr_pdf
    text = pytesseract.image_to_string(img, lang=OCR_LANG,
                                       config="--psm 3 --oem 1")
  File "/Library/Frameworks/Python.framework/Versions/3.13/lib/python3.13/site-packages/pytesseract/pytesseract.py", line 486, in image_to_string
    return {
           ~
    ...<2 lines>...
        Output.STRING: lambda: run_and_get_output(*args),
        ~~~~~~~~~~~~~~~~~~~~~~~~~~~~~~~~~~~~~~~~~~~~~~~~~
    }[output_type]()
    ~~~~~~~~~~~~~~^^
  File "/Library/Frameworks/Python.framework/Versions/3.13/lib/python3.13/site-packages/pytesseract/pytesseract.py", line 489, in <lambda>
    Output.STRING: lambda: run_and_get_output(*args),
                           ~~~~~~~~~~~~~~~~~~^^^^^^^
  File "/Library/Frameworks/Python.framework/Versions/3.13/lib/python3.13/site-packages/pytesseract/pytesseract.py", line 352, in run_and_get_output
    run_tesseract(**kwargs)
    ~~~~~~~~~~~~~^^^^^^^^^^
  File "/Library/Frameworks/Python.framework/Versions/3.13/lib/python3.13/site-packages/pytesseract/pytesseract.py", line 284, in run_tesseract
    raise TesseractError(proc.returncode, get_errors(error_string))
                                          ~~~~~~~~~~^^^^^^^^^^^^^^
  File "/Library/Frameworks/Python.framework/Versions/3.13/lib/python3.13/site-packages/pytesseract/pytesseract.py", line 172, in get_errors
    line for line in error_string.decode(DEFAULT_ENCODING).splitlines()
                     ~~~~~~~~~~~~~~~~~~~^^^^^^^^^^^^^^^^^^
UnicodeDecodeError: 'utf-8' codec can't decode byte 0x89 in position 292: invalid start byte
2026-06-04 13:07:19,173  11 GPA/11.1 AP/广东_贝赛斯国际学校/G10_Elective Catalog_2022-23.pdf | 'utf-8' codec can't decode byte 0x89 in position 292: invalid start byte
Traceback (most recent call last):
  File "/Users/yangyang/Desktop/留学_数据清洗/process_batch3.py", line 306, in main
    summary, chunks = process_file(row, seq, force_ocr=force_ocr)
                      ~~~~~~~~~~~~^^^^^^^^^^^^^^^^^^^^^^^^^^^^^^^
  File "/Users/yangyang/Desktop/留学_数据清洗/process_batch3.py", line 215, in process_file
    pages    = ocr_pdf(file_path)
  File "/Users/yangyang/Desktop/留学_数据清洗/process_batch3.py", line 172, in ocr_pdf
    text = pytesseract.image_to_string(img, lang=OCR_LANG,
                                       config="--psm 3 --oem 1")
  File "/Library/Frameworks/Python.framework/Versions/3.13/lib/python3.13/site-packages/pytesseract/pytesseract.py", line 486, in image_to_string
    return {
           ~
    ...<2 lines>...
        Output.STRING: lambda: run_and_get_output(*args),
        ~~~~~~~~~~~~~~~~~~~~~~~~~~~~~~~~~~~~~~~~~~~~~~~~~
    }[output_type]()
    ~~~~~~~~~~~~~~^^
  File "/Library/Frameworks/Python.framework/Versions/3.13/lib/python3.13/site-packages/pytesseract/pytesseract.py", line 489, in <lambda>
    Output.STRING: lambda: run_and_get_output(*args),
                           ~~~~~~~~~~~~~~~~~~^^^^^^^
  File "/Library/Frameworks/Python.framework/Versions/3.13/lib/python3.13/site-packages/pytesseract/pytesseract.py", line 352, in run_and_get_output
    run_tesseract(**kwargs)
    ~~~~~~~~~~~~~^^^^^^^^^^
  File "/Library/Frameworks/Python.framework/Versions/3.13/lib/python3.13/site-packages/pytesseract/pytesseract.py", line 284, in run_tesseract
    raise TesseractError(proc.returncode, get_errors(error_string))
                                          ~~~~~~~~~~^^^^^^^^^^^^^^
  File "/Library/Frameworks/Python.framework/Versions/3.13/lib/python3.13/site-packages/pytesseract/pytesseract.py", line 172, in get_errors
    line for line in error_string.decode(DEFAULT_ENCODING).splitlines()
                     ~~~~~~~~~~~~~~~~~~~^^^^^^^^^^^^^^^^^^
UnicodeDecodeError: 'utf-8' codec can't decode byte 0x89 in position 292: invalid start byte
2026-06-04 13:07:26,247  11 GPA/11.3 IB/UWC 常熟/UWC 常熟学校册子.pdf | 'utf-8' codec can't decode byte 0x89 in position 292: invalid start byte
Traceback (most recent call last):
  File "/Users/yangyang/Desktop/留学_数据清洗/process_batch3.py", line 306, in main
    summary, chunks = process_file(row, seq, force_ocr=force_ocr)
                      ~~~~~~~~~~~~^^^^^^^^^^^^^^^^^^^^^^^^^^^^^^^
  File "/Users/yangyang/Desktop/留学_数据清洗/process_batch3.py", line 210, in process_file
    pages    = ocr_pdf(file_path)
  File "/Users/yangyang/Desktop/留学_数据清洗/process_batch3.py", line 172, in ocr_pdf
    text = pytesseract.image_to_string(img, lang=OCR_LANG,
                                       config="--psm 3 --oem 1")
  File "/Library/Frameworks/Python.framework/Versions/3.13/lib/python3.13/site-packages/pytesseract/pytesseract.py", line 486, in image_to_string
    return {
           ~
    ...<2 lines>...
        Output.STRING: lambda: run_and_get_output(*args),
        ~~~~~~~~~~~~~~~~~~~~~~~~~~~~~~~~~~~~~~~~~~~~~~~~~
    }[output_type]()
    ~~~~~~~~~~~~~~^^
  File "/Library/Frameworks/Python.framework/Versions/3.13/lib/python3.13/site-packages/pytesseract/pytesseract.py", line 489, in <lambda>
    Output.STRING: lambda: run_and_get_output(*args),
                           ~~~~~~~~~~~~~~~~~~^^^^^^^
  File "/Library/Frameworks/Python.framework/Versions/3.13/lib/python3.13/site-packages/pytesseract/pytesseract.py", line 352, in run_and_get_output
    run_tesseract(**kwargs)
    ~~~~~~~~~~~~~^^^^^^^^^^
  File "/Library/Frameworks/Python.framework/Versions/3.13/lib/python3.13/site-packages/pytesseract/pytesseract.py", line 284, in run_tesseract
    raise TesseractError(proc.returncode, get_errors(error_string))
                                          ~~~~~~~~~~^^^^^^^^^^^^^^
  File "/Library/Frameworks/Python.framework/Versions/3.13/lib/python3.13/site-packages/pytesseract/pytesseract.py", line 172, in get_errors
    line for line in error_string.decode(DEFAULT_ENCODING).splitlines()
                     ~~~~~~~~~~~~~~~~~~~^^^^^^^^^^^^^^^^^^
UnicodeDecodeError: 'utf-8' codec can't decode byte 0x89 in position 292: invalid start byte
2026-06-04 13:07:43,094  11 GPA/11.3 IB/上海_上中国际/School Profile.pdf | 'utf-8' codec can't decode byte 0x89 in position 292: invalid start byte
Traceback (most recent call last):
  File "/Users/yangyang/Desktop/留学_数据清洗/process_batch3.py", line 306, in main
    summary, chunks = process_file(row, seq, force_ocr=force_ocr)
                      ~~~~~~~~~~~~^^^^^^^^^^^^^^^^^^^^^^^^^^^^^^^
  File "/Users/yangyang/Desktop/留学_数据清洗/process_batch3.py", line 210, in process_file
    pages    = ocr_pdf(file_path)
  File "/Users/yangyang/Desktop/留学_数据清洗/process_batch3.py", line 172, in ocr_pdf
    text = pytesseract.image_to_string(img, lang=OCR_LANG,
                                       config="--psm 3 --oem 1")
  File "/Library/Frameworks/Python.framework/Versions/3.13/lib/python3.13/site-packages/pytesseract/pytesseract.py", line 486, in image_to_string
    return {
           ~
    ...<2 lines>...
        Output.STRING: lambda: run_and_get_output(*args),
        ~~~~~~~~~~~~~~~~~~~~~~~~~~~~~~~~~~~~~~~~~~~~~~~~~
    }[output_type]()
    ~~~~~~~~~~~~~~^^
  File "/Library/Frameworks/Python.framework/Versions/3.13/lib/python3.13/site-packages/pytesseract/pytesseract.py", line 489, in <lambda>
    Output.STRING: lambda: run_and_get_output(*args),
                           ~~~~~~~~~~~~~~~~~~^^^^^^^
  File "/Library/Frameworks/Python.framework/Versions/3.13/lib/python3.13/site-packages/pytesseract/pytesseract.py", line 352, in run_and_get_output
    run_tesseract(**kwargs)
    ~~~~~~~~~~~~~^^^^^^^^^^
  File "/Library/Frameworks/Python.framework/Versions/3.13/lib/python3.13/site-packages/pytesseract/pytesseract.py", line 284, in run_tesseract
    raise TesseractError(proc.returncode, get_errors(error_string))
                                          ~~~~~~~~~~^^^^^^^^^^^^^^
  File "/Library/Frameworks/Python.framework/Versions/3.13/lib/python3.13/site-packages/pytesseract/pytesseract.py", line 172, in get_errors
    line for line in error_string.decode(DEFAULT_ENCODING).splitlines()
                     ~~~~~~~~~~~~~~~~~~~^^^^^^^^^^^^^^^^^^
UnicodeDecodeError: 'utf-8' codec can't decode byte 0x89 in position 292: invalid start byte
2026-06-04 13:07:52,978  11 GPA/11.3 IB/上海_世外/世外2020录取结果.pdf | 'utf-8' codec can't decode byte 0x89 in position 292: invalid start byte
Traceback (most recent call last):
  File "/Users/yangyang/Desktop/留学_数据清洗/process_batch3.py", line 306, in main
    summary, chunks = process_file(row, seq, force_ocr=force_ocr)
                      ~~~~~~~~~~~~^^^^^^^^^^^^^^^^^^^^^^^^^^^^^^^
  File "/Users/yangyang/Desktop/留学_数据清洗/process_batch3.py", line 215, in process_file
    pages    = ocr_pdf(file_path)
  File "/Users/yangyang/Desktop/留学_数据清洗/process_batch3.py", line 172, in ocr_pdf
    text = pytesseract.image_to_string(img, lang=OCR_LANG,
                                       config="--psm 3 --oem 1")
  File "/Library/Frameworks/Python.framework/Versions/3.13/lib/python3.13/site-packages/pytesseract/pytesseract.py", line 486, in image_to_string
    return {
           ~
    ...<2 lines>...
        Output.STRING: lambda: run_and_get_output(*args),
        ~~~~~~~~~~~~~~~~~~~~~~~~~~~~~~~~~~~~~~~~~~~~~~~~~
    }[output_type]()
    ~~~~~~~~~~~~~~^^
  File "/Library/Frameworks/Python.framework/Versions/3.13/lib/python3.13/site-packages/pytesseract/pytesseract.py", line 489, in <lambda>
    Output.STRING: lambda: run_and_get_output(*args),
                           ~~~~~~~~~~~~~~~~~~^^^^^^^
  File "/Library/Frameworks/Python.framework/Versions/3.13/lib/python3.13/site-packages/pytesseract/pytesseract.py", line 352, in run_and_get_output
    run_tesseract(**kwargs)
    ~~~~~~~~~~~~~^^^^^^^^^^
  File "/Library/Frameworks/Python.framework/Versions/3.13/lib/python3.13/site-packages/pytesseract/pytesseract.py", line 284, in run_tesseract
    raise TesseractError(proc.returncode, get_errors(error_string))
                                          ~~~~~~~~~~^^^^^^^^^^^^^^
  File "/Library/Frameworks/Python.framework/Versions/3.13/lib/python3.13/site-packages/pytesseract/pytesseract.py", line 172, in get_errors
    line for line in error_string.decode(DEFAULT_ENCODING).splitlines()
                     ~~~~~~~~~~~~~~~~~~~^^^^^^^^^^^^^^^^^^
UnicodeDecodeError: 'utf-8' codec can't decode byte 0x89 in position 292: invalid start byte
2026-06-04 13:08:00,593  12 标化考试/12.2 SAT&ACT/SAT ACT分数转换.pdf | 'utf-8' codec can't decode byte 0x89 in position 292: invalid start byte
Traceback (most recent call last):
  File "/Users/yangyang/Desktop/留学_数据清洗/process_batch3.py", line 306, in main
    summary, chunks = process_file(row, seq, force_ocr=force_ocr)
                      ~~~~~~~~~~~~^^^^^^^^^^^^^^^^^^^^^^^^^^^^^^^
  File "/Users/yangyang/Desktop/留学_数据清洗/process_batch3.py", line 210, in process_file
    pages    = ocr_pdf(file_path)
  File "/Users/yangyang/Desktop/留学_数据清洗/process_batch3.py", line 172, in ocr_pdf
    text = pytesseract.image_to_string(img, lang=OCR_LANG,
                                       config="--psm 3 --oem 1")
  File "/Library/Frameworks/Python.framework/Versions/3.13/lib/python3.13/site-packages/pytesseract/pytesseract.py", line 486, in image_to_string
    return {
           ~
    ...<2 lines>...
        Output.STRING: lambda: run_and_get_output(*args),
        ~~~~~~~~~~~~~~~~~~~~~~~~~~~~~~~~~~~~~~~~~~~~~~~~~
    }[output_type]()
    ~~~~~~~~~~~~~~^^
  File "/Library/Frameworks/Python.framework/Versions/3.13/lib/python3.13/site-packages/pytesseract/pytesseract.py", line 489, in <lambda>
    Output.STRING: lambda: run_and_get_output(*args),
                           ~~~~~~~~~~~~~~~~~~^^^^^^^
  File "/Library/Frameworks/Python.framework/Versions/3.13/lib/python3.13/site-packages/pytesseract/pytesseract.py", line 352, in run_and_get_output
    run_tesseract(**kwargs)
    ~~~~~~~~~~~~~^^^^^^^^^^
  File "/Library/Frameworks/Python.framework/Versions/3.13/lib/python3.13/site-packages/pytesseract/pytesseract.py", line 284, in run_tesseract
    raise TesseractError(proc.returncode, get_errors(error_string))
                                          ~~~~~~~~~~^^^^^^^^^^^^^^
  File "/Library/Frameworks/Python.framework/Versions/3.13/lib/python3.13/site-packages/pytesseract/pytesseract.py", line 172, in get_errors
    line for line in error_string.decode(DEFAULT_ENCODING).splitlines()
                     ~~~~~~~~~~~~~~~~~~~^^^^^^^^^^^^^^^^^^
UnicodeDecodeError: 'utf-8' codec can't decode byte 0x89 in position 292: invalid start byte
2026-06-04 13:08:01,513  12 标化考试/12.2 SAT&ACT/ACT VS SAT 异同分析.pdf | 'utf-8' codec can't decode byte 0x89 in position 292: invalid start byte
Traceback (most recent call last):
  File "/Users/yangyang/Desktop/留学_数据清洗/process_batch3.py", line 306, in main
    summary, chunks = process_file(row, seq, force_ocr=force_ocr)
                      ~~~~~~~~~~~~^^^^^^^^^^^^^^^^^^^^^^^^^^^^^^^
  File "/Users/yangyang/Desktop/留学_数据清洗/process_batch3.py", line 210, in process_file
    pages    = ocr_pdf(file_path)
  File "/Users/yangyang/Desktop/留学_数据清洗/process_batch3.py", line 172, in ocr_pdf
    text = pytesseract.image_to_string(img, lang=OCR_LANG,
                                       config="--psm 3 --oem 1")
  File "/Library/Frameworks/Python.framework/Versions/3.13/lib/python3.13/site-packages/pytesseract/pytesseract.py", line 486, in image_to_string
    return {
           ~
    ...<2 lines>...
        Output.STRING: lambda: run_and_get_output(*args),
        ~~~~~~~~~~~~~~~~~~~~~~~~~~~~~~~~~~~~~~~~~~~~~~~~~
    }[output_type]()
    ~~~~~~~~~~~~~~^^
  File "/Library/Frameworks/Python.framework/Versions/3.13/lib/python3.13/site-packages/pytesseract/pytesseract.py", line 489, in <lambda>
    Output.STRING: lambda: run_and_get_output(*args),
                           ~~~~~~~~~~~~~~~~~~^^^^^^^
  File "/Library/Frameworks/Python.framework/Versions/3.13/lib/python3.13/site-packages/pytesseract/pytesseract.py", line 352, in run_and_get_output
    run_tesseract(**kwargs)
    ~~~~~~~~~~~~~^^^^^^^^^^
  File "/Library/Frameworks/Python.framework/Versions/3.13/lib/python3.13/site-packages/pytesseract/pytesseract.py", line 284, in run_tesseract
    raise TesseractError(proc.returncode, get_errors(error_string))
                                          ~~~~~~~~~~^^^^^^^^^^^^^^
  File "/Library/Frameworks/Python.framework/Versions/3.13/lib/python3.13/site-packages/pytesseract/pytesseract.py", line 172, in get_errors
    line for line in error_string.decode(DEFAULT_ENCODING).splitlines()
                     ~~~~~~~~~~~~~~~~~~~^^^^^^^^^^^^^^^^^^
UnicodeDecodeError: 'utf-8' codec can't decode byte 0x89 in position 292: invalid start byte
2026-06-04 13:08:02,272  12 标化考试/12.2 SAT&ACT/SAT 真题/SAT语法知识点.pdf | 'utf-8' codec can't decode byte 0x89 in position 292: invalid start byte
Traceback (most recent call last):
  File "/Users/yangyang/Desktop/留学_数据清洗/process_batch3.py", line 306, in main
    summary, chunks = process_file(row, seq, force_ocr=force_ocr)
                      ~~~~~~~~~~~~^^^^^^^^^^^^^^^^^^^^^^^^^^^^^^^
  File "/Users/yangyang/Desktop/留学_数据清洗/process_batch3.py", line 210, in process_file
    pages    = ocr_pdf(file_path)
  File "/Users/yangyang/Desktop/留学_数据清洗/process_batch3.py", line 172, in ocr_pdf
    text = pytesseract.image_to_string(img, lang=OCR_LANG,
                                       config="--psm 3 --oem 1")
  File "/Library/Frameworks/Python.framework/Versions/3.13/lib/python3.13/site-packages/pytesseract/pytesseract.py", line 486, in image_to_string
    return {
           ~
    ...<2 lines>...
        Output.STRING: lambda: run_and_get_output(*args),
        ~~~~~~~~~~~~~~~~~~~~~~~~~~~~~~~~~~~~~~~~~~~~~~~~~
    }[output_type]()
    ~~~~~~~~~~~~~~^^
  File "/Library/Frameworks/Python.framework/Versions/3.13/lib/python3.13/site-packages/pytesseract/pytesseract.py", line 489, in <lambda>
    Output.STRING: lambda: run_and_get_output(*args),
                           ~~~~~~~~~~~~~~~~~~^^^^^^^
  File "/Library/Frameworks/Python.framework/Versions/3.13/lib/python3.13/site-packages/pytesseract/pytesseract.py", line 352, in run_and_get_output
    run_tesseract(**kwargs)
    ~~~~~~~~~~~~~^^^^^^^^^^
  File "/Library/Frameworks/Python.framework/Versions/3.13/lib/python3.13/site-packages/pytesseract/pytesseract.py", line 284, in run_tesseract
    raise TesseractError(proc.returncode, get_errors(error_string))
                                          ~~~~~~~~~~^^^^^^^^^^^^^^
  File "/Library/Frameworks/Python.framework/Versions/3.13/lib/python3.13/site-packages/pytesseract/pytesseract.py", line 172, in get_errors
    line for line in error_string.decode(DEFAULT_ENCODING).splitlines()
                     ~~~~~~~~~~~~~~~~~~~^^^^^^^^^^^^^^^^^^
UnicodeDecodeError: 'utf-8' codec can't decode byte 0x89 in position 292: invalid start byte
2026-06-04 13:08:02,849  12 标化考试/12.2 SAT&ACT/SAT 真题/2021 April North America/2021 North America 数学2. pdf.pdf | 'utf-8' codec can't decode byte 0x89 in position 292: invalid start byte
Traceback (most recent call last):
  File "/Users/yangyang/Desktop/留学_数据清洗/process_batch3.py", line 306, in main
    summary, chunks = process_file(row, seq, force_ocr=force_ocr)
                      ~~~~~~~~~~~~^^^^^^^^^^^^^^^^^^^^^^^^^^^^^^^
  File "/Users/yangyang/Desktop/留学_数据清洗/process_batch3.py", line 215, in process_file
    pages    = ocr_pdf(file_path)
  File "/Users/yangyang/Desktop/留学_数据清洗/process_batch3.py", line 172, in ocr_pdf
    text = pytesseract.image_to_string(img, lang=OCR_LANG,
                                       config="--psm 3 --oem 1")
  File "/Library/Frameworks/Python.framework/Versions/3.13/lib/python3.13/site-packages/pytesseract/pytesseract.py", line 486, in image_to_string
    return {
           ~
    ...<2 lines>...
        Output.STRING: lambda: run_and_get_output(*args),
        ~~~~~~~~~~~~~~~~~~~~~~~~~~~~~~~~~~~~~~~~~~~~~~~~~
    }[output_type]()
    ~~~~~~~~~~~~~~^^
  File "/Library/Frameworks/Python.framework/Versions/3.13/lib/python3.13/site-packages/pytesseract/pytesseract.py", line 489, in <lambda>
    Output.STRING: lambda: run_and_get_output(*args),
                           ~~~~~~~~~~~~~~~~~~^^^^^^^
  File "/Library/Frameworks/Python.framework/Versions/3.13/lib/python3.13/site-packages/pytesseract/pytesseract.py", line 352, in run_and_get_output
    run_tesseract(**kwargs)
    ~~~~~~~~~~~~~^^^^^^^^^^
  File "/Library/Frameworks/Python.framework/Versions/3.13/lib/python3.13/site-packages/pytesseract/pytesseract.py", line 284, in run_tesseract
    raise TesseractError(proc.returncode, get_errors(error_string))
                                          ~~~~~~~~~~^^^^^^^^^^^^^^
  File "/Library/Frameworks/Python.framework/Versions/3.13/lib/python3.13/site-packages/pytesseract/pytesseract.py", line 172, in get_errors
    line for line in error_string.decode(DEFAULT_ENCODING).splitlines()
                     ~~~~~~~~~~~~~~~~~~~^^^^^^^^^^^^^^^^^^
UnicodeDecodeError: 'utf-8' codec can't decode byte 0x89 in position 292: invalid start byte
2026-06-04 13:08:03,365  12 标化考试/12.2 SAT&ACT/SAT 真题/2021 April North America/2021 North America 数学1.pdf | 'utf-8' codec can't decode byte 0x89 in position 292: invalid start byte
Traceback (most recent call last):
  File "/Users/yangyang/Desktop/留学_数据清洗/process_batch3.py", line 306, in main
    summary, chunks = process_file(row, seq, force_ocr=force_ocr)
                      ~~~~~~~~~~~~^^^^^^^^^^^^^^^^^^^^^^^^^^^^^^^
  File "/Users/yangyang/Desktop/留学_数据清洗/process_batch3.py", line 215, in process_file
    pages    = ocr_pdf(file_path)
  File "/Users/yangyang/Desktop/留学_数据清洗/process_batch3.py", line 172, in ocr_pdf
    text = pytesseract.image_to_string(img, lang=OCR_LANG,
                                       config="--psm 3 --oem 1")
  File "/Library/Frameworks/Python.framework/Versions/3.13/lib/python3.13/site-packages/pytesseract/pytesseract.py", line 486, in image_to_string
    return {
           ~
    ...<2 lines>...
        Output.STRING: lambda: run_and_get_output(*args),
        ~~~~~~~~~~~~~~~~~~~~~~~~~~~~~~~~~~~~~~~~~~~~~~~~~
    }[output_type]()
    ~~~~~~~~~~~~~~^^
  File "/Library/Frameworks/Python.framework/Versions/3.13/lib/python3.13/site-packages/pytesseract/pytesseract.py", line 489, in <lambda>
    Output.STRING: lambda: run_and_get_output(*args),
                           ~~~~~~~~~~~~~~~~~~^^^^^^^
  File "/Library/Frameworks/Python.framework/Versions/3.13/lib/python3.13/site-packages/pytesseract/pytesseract.py", line 352, in run_and_get_output
    run_tesseract(**kwargs)
    ~~~~~~~~~~~~~^^^^^^^^^^
  File "/Library/Frameworks/Python.framework/Versions/3.13/lib/python3.13/site-packages/pytesseract/pytesseract.py", line 284, in run_tesseract
    raise TesseractError(proc.returncode, get_errors(error_string))
                                          ~~~~~~~~~~^^^^^^^^^^^^^^
  File "/Library/Frameworks/Python.framework/Versions/3.13/lib/python3.13/site-packages/pytesseract/pytesseract.py", line 172, in get_errors
    line for line in error_string.decode(DEFAULT_ENCODING).splitlines()
                     ~~~~~~~~~~~~~~~~~~~^^^^^^^^^^^^^^^^^^
UnicodeDecodeError: 'utf-8' codec can't decode byte 0x89 in position 292: invalid start byte
2026-06-04 13:41:35,160  11 GPA/11.1 AP/广东_HFI/HFI Student Handbook 2021-22 v1.1.doc | File is not a zip file
Traceback (most recent call last):
  File "/Users/yangyang/Desktop/留学_数据清洗/process_batch4.py", line 336, in main
    s, chunks = process_doc(row, seq)
                ~~~~~~~~~~~^^^^^^^^^^
  File "/Users/yangyang/Desktop/留学_数据清洗/process_batch4.py", line 106, in process_doc
    result = mammoth.convert_to_markdown(f)
  File "/Library/Frameworks/Python.framework/Versions/3.13/lib/python3.13/site-packages/mammoth/__init__.py", line 16, in convert_to_markdown
    return convert(*args, output_format="markdown", **kwargs)
  File "/Library/Frameworks/Python.framework/Versions/3.13/lib/python3.13/site-packages/mammoth/__init__.py", line 34, in convert
    kwargs["embedded_style_map"] = read_style_map(fileobj)
                                   ~~~~~~~~~~~~~~^^^^^^^^^
  File "/Library/Frameworks/Python.framework/Versions/3.13/lib/python3.13/site-packages/mammoth/docx/style_map.py", line 66, in read_style_map
    with open_zip(fileobj, "r") as zip_file:
         ~~~~~~~~^^^^^^^^^^^^^^
  File "/Library/Frameworks/Python.framework/Versions/3.13/lib/python3.13/site-packages/mammoth/zips.py", line 9, in open_zip
    return _Zip(ZipFile(fileobj, mode))
                ~~~~~~~^^^^^^^^^^^^^^^
  File "/Library/Frameworks/Python.framework/Versions/3.13/lib/python3.13/zipfile/__init__.py", line 1385, in __init__
    self._RealGetContents()
    ~~~~~~~~~~~~~~~~~~~~~^^
  File "/Library/Frameworks/Python.framework/Versions/3.13/lib/python3.13/zipfile/__init__.py", line 1452, in _RealGetContents
    raise BadZipFile("File is not a zip file")
zipfile.BadZipFile: File is not a zip file
2026-06-04 13:43:13,143  11 GPA/11.1 AP/广东_HFI/HFI Student Handbook 2021-22 v1.1.doc | name 'result' is not defined
Traceback (most recent call last):
  File "/Users/yangyang/Desktop/留学_数据清洗/process_batch4.py", line 344, in main
    s, chunks = process_doc(row, seq)
                ~~~~~~~~~~~^^^^^^^^^^
  File "/Users/yangyang/Desktop/留学_数据清洗/process_batch4.py", line 158, in process_doc
    "char_count_raw": len(result.value), "char_count_clean": sum(len(c["content"]) for c in all_chunks),
                          ^^^^^^
NameError: name 'result' is not defined
