=== fix_short_chunks.py 开始 2026-06-08 21:03:10 ===
输入: output/chunks_all_deduped.jsonl
输出: output/chunks_all_final.jsonl

skip_list 加载: 119 个 skip 文件名

=== 过滤统计 ===
  输入 chunk 数:    4856
  输出（保留） chunk: 4270
  丢弃 chunk 总计:  586

  丢弃原因分布:
    过短(token=10): 36
    过短(token=9): 35
    过短(token=7): 30
    过短(token=15): 30
    过短(token=5): 30
    过短(token=4): 28
    过短(token=28): 22
    过短(token=6): 22
    过短(token=23): 21
    过短(token=17): 21
    纯数字/符号: 21
    过短(token=26): 21
    过短(token=13): 21
    过短(token=8): 19
    过短(token=3): 19
    过短(token=24): 18
    过短(token=11): 18
    过短(token=14): 18
    过短(token=1): 16
    过短(token=18): 16
    过短(token=29): 15
    过短(token=16): 15
    过短(token=22): 14
    过短(token=12): 14
    过短(token=25): 13
    过短(token=21): 12
    过短(token=2): 10
    过短(token=20): 9
    过短(token=19): 9
    过短(token=27): 9
    skip_list文件: 4

=== 抽查：保留的短 chunk（token < 30）前 15 个 ===
  [保留/含冒号(保留)] token=16 | 深国交 Notes - 2022 Update.docx
    '学校排名：学校不对学生进行排名'
  [保留/含冒号(保留)] token=22 | 上海星河湾 Notes - 2022 update.docx
    '2022届：Monica，建筑学方向，ED2 录取CMU'
  [保留/含冒号(保留)] token=17 | 深圳中学Notes - 2022 update.docx
    '2022届学员：\n2020-2021届学员：'
  [保留/含冒号(保留)] token=8 | 广东省实验AP Notes - 2022 update 1.docx
    '2022届学员：\n无'
  [保留/含冒号(保留)] token=3 | 220404 浑朴毕业生学术分享会 IB TOK.pdf
    '要求：'
  [保留/含冒号(保留)] token=8 | 碧桂园 AP IB school profile 2019-2020.pdf
    'hour: 80 hours (required)'
  [保留/含冒号(保留)] token=12 | 碧桂园 AP G1-G3选课说明.pdf
    '合计 42.5\n选课说明：'
  [保留/含冒号(保留)] token=16 | 21.03.06线上家长会--crystal.pdf
    'your community a better place?\nexpressed in many ways: problem solving, original'
  [保留/含冒号(保留)] token=17 | 21.03.06线上家长会--crystal.pdf
    '大学申请时间点\n：\nEA Early Action\n：\nED Early Decision'
  [保留/含冒号(保留)] token=17 | 21.03.06线上家长会--crystal.pdf
    '前向一所大学提交申请，并 ED2：Early Decision2'
  [保留/含冒号(保留)] token=13 | CCOSchoolProfile.pdf
    'CCO Email: cco@frederickgunn.org'
  [保留/含冒号(保留)] token=5 | CCOSchoolProfile.pdf
    'The Frederick Gunn School:'
  [保留/含冒号(保留)] token=15 | 22.06.01 线上分享会(对外).pdf
    '接近五分之一；男女比例11:16；'
  [保留/含冒号(保留)] token=14 | G11_AP Calculus BC Syllabus 2021-2022.pdf
    'Main Topics — There are four main topics, with many subtopics:'
  [保留/含冒号(保留)] token=19 | IB_DP_Course_Prerequisites_Class_2021.pdf
    'HL: 5 or higher in G10 Chinese 10年级中文5或以上'

=== 抽查：丢弃的 chunk 前 15 个 ===
  [丢弃/skip_list文件] [School Name] Notes - 2022 update.docx
    '学校CEEB代码：\n年级人数：\n校内是否可以考 SAT/ACT：\n校内GPA 计算方式：\n其它补充信息：\n（如何计算加权等）'
  [丢弃/skip_list文件] [School Name] Notes - 2022 update.docx
    '开设哪些AP/IB课程：\n选课原则：\n选课时间及选课方式：\n其他必修及常规课程：\n其他特殊选修课程：\n有哪些合作项目、暑期项目等机会：'
  [丢弃/skip_list文件] [School Name] Notes - 2022 update.docx
    '2022届学员：\n[个人基本信息+主要offer]\n2020-2021届学员：\n[如有]'
  [丢弃/skip_list文件] [School Name] Notes - 2022 update.docx
    '[可以附喜报链接或名单\n包含近三年]'
  [丢弃/过短(token=29)] 上海星河湾 Notes - 2022 update.docx
    '10 & 11 年级暑假，通过暑假作业 + 开学后的考试来选拔'
  [丢弃/过短(token=7)] 标化考试Standardized Test.docx
    '标化考试Standardized Test'
  [丢弃/过短(token=15)] 120316 (R).docx
    'e Maya developed other means of subsistence that made agriculture less important\n.'
  [丢弃/过短(token=23)] 120316 (S).docx
    'Read an announcement in the campus newspaper. You will have 50 seconds to read the announcement. Beg'
  [丢弃/过短(token=23)] 120316 (S).docx
    'Read a passage from a Philosophy textbook. You will have 50 seconds to read the passage. Begin readi'
  [丢弃/过短(token=28)] 220404 浑朴毕业生学术分享会 IB TOK.pdf
    '并不是思考深度加大，而是思维层次升高\n心态建设！！'
  [丢弃/过短(token=15)] 220404 浑朴毕业生学术分享会 IB TOK.pdf
    '一个进行更高层次思考和反思的机会'
  [丢弃/过短(token=6)] Math IA analyisis and approaches guide .pdf
    'er profile IB l Pearne'
  [丢弃/过短(token=4)] 深国交2023美本录取发布.pdf
    '推荐视频'
  [丢弃/过短(token=4)] 深国交2023美本录取发布.pdf
    '深国交'
  [丢弃/过短(token=6)] 碧桂园 AP IB school profile 2019-2020.pdf
    '222 Students of Grade 12'

=== 修复汇总 ===
  输入:  4856
  输出:  4270
  净减少: 586

=== 完成 2026-06-08 21:03:12 ===
