=== fix_duplicates.py 开始 2026-06-08 20:56:51 ===
输入: output/chunks_all_p1.jsonl
输出: output/chunks_all_deduped.jsonl

=== Pass 1: 读取 + P3 wiki 内链清理 ===
  总行数: 5077
  P3 纯链接节跳过: 40 个
  被跳过的纯链接 chunk (source_file | 内容前100字):
    [4583] 哥伦比亚大学.md | '【哥伦比亚大学】 📎 相关笔记\n- [[wiki/03-院校库/美国-常青藤/普林斯顿大学|普林斯顿大学]]\n- [[wiki/03-院校库/美国-常青藤/布朗大学|布朗大学]]'
    [4589] 宾夕法尼亚大学.md | '【宾夕法尼亚大学】 📎 相关笔记\n- [[wiki/03-院校库/美国-常青藤/哈佛大学|哈佛大学]]\n- [[wiki/03-院校库/美国-常青藤/普林斯顿大学|普林斯顿大学]]'
    [4595] 布朗大学.md | '【布朗大学】 📎 相关笔记\n- [[wiki/03-院校库/美国-常青藤/哥伦比亚大学|哥伦比亚大学]]\n- [[wiki/03-院校库/美国-常青藤/达特茅斯学院|达特茅斯学院]]'
    [4601] 普林斯顿大学.md | '【普林斯顿大学】 📎 相关笔记\n- [[wiki/03-院校库/美国-常青藤/哈佛大学|哈佛大学]]\n- [[wiki/03-院校库/美国-常青藤/哥伦比亚大学|哥伦比亚大学]]'
    [4607] 耶鲁大学.md | '【耶鲁大学】 📎 相关笔记\n- [[wiki/03-院校库/美国-常青藤/哈佛大学|哈佛大学]]\n- [[wiki/02-社媒运营/账号运营策略|账号运营策略]]'
    [4612] 达特茅斯学院.md | '【达特茅斯学院】 📎 相关笔记\n- [[wiki/03-院校库/美国-常青藤/布朗大学|布朗大学]]\n- [[wiki/03-院校库/美国-顶尖大学/斯坦福大学|斯坦福大学]]'
    [4618] 斯坦福大学.md | '【斯坦福大学】 📎 相关笔记\n- [[wiki/03-院校库/美国-顶尖大学/麻省理工学院|麻省理工学院 MIT]]\n- [[wiki/03-院校库/美国-常青藤/哈佛大学|哈佛大学]]'
    [4624] 更多院校汇总.md | '【更多院校汇总】 📎 导航\n- [[wiki/index|知识库总索引]]\n- [[wiki/03-院校库/美国-常青藤/耶鲁大学|耶鲁大学]]'
    [4651] A-Level课程完整指南.md | '- [[wiki/04-课程体系/IB课程完整指南]]\n- [[wiki/04-课程体系/AP课程完整指南]]'
    [4657] AP课程完整指南.md | '- [[wiki/04-课程体系/IB课程完整指南]]\n- [[wiki/04-课程体系/A-Level课程完整指南]]\n- [[wiki/05-标化考试/SAT-ACT考试指南]]'
    [4666] IB课程完整指南.md | '- [[wiki/04-课程体系/AP课程完整指南]]\n- [[wiki/04-课程体系/A-Level课程完整指南]]'
    [4684] 重点AP高中档案-新增.md | '- [[wiki/04-课程体系/AP课程完整指南]]\n- [[wiki/04-课程体系/重点国际学校档案]]'
    [4728] 重点IB-ALevel高中档案.md | '- [[wiki/04-课程体系/A-Level课程完整指南]]\n- [[wiki/04-课程体系/IB课程完整指南]]\n- [[wiki/04-课程体系/重点国际学校档案]]'
    [4747] 重点国际学校档案.md | '- [[wiki/04-课程体系/AP课程完整指南]]'
    [4755] SAT-ACT考试指南.md | '- [[wiki/05-标化考试/TOEFL-IELTS英语考试指南]]\n- [[wiki/04-课程体系/AP课程完整指南]]'
    [4761] TOEFL-IELTS英语考试指南.md | '- [[wiki/05-标化考试/SAT-ACT考试指南]]\n- [[wiki/04-课程体系/IB课程完整指南]]\n- [[wiki/04-课程体系/AP课程完整指南]]'
    [4773] 2025顶尖美本录取数据分析.md | '- [[wiki/06-专业选校/美国大学申请数据TOP30]]\n- [[wiki/06-专业选校/美国申请体系与轮次]]'
    [4782] ED-EA选校策略指南.md | '- [[wiki/06-专业选校/美国申请体系与轮次]]\n- [[wiki/06-专业选校/美国留学申请季操作手册]]\n- [[wiki/06-专业选校/留学申请顾问服务SOP与话术指南]]\n- [['
    [4800] 北京顶级AP高中历届录取案例分析2016-2018.md | '- [[wiki/06-专业选校/顶校录取案例策略精选]]\n- [[wiki/06-专业选校/美国申请体系与轮次]]\n- [[wiki/06-专业选校/留学申请顾问服务SOP与话术指南]]\n- [[w'
    [4815] 申请季顾问全流程月度工作手册.md | '- [[wiki/06-专业选校/美国留学申请季操作手册]]\n- [[wiki/06-专业选校/留学申请顾问服务SOP与话术指南]]\n- [[wiki/06-专业选校/ED-EA选校策略指南]]\n- '
    [4823] 留学申请顾问服务SOP与话术指南.md | '- [[wiki/06-专业选校/美国申请体系与轮次]]\n- [[wiki/06-专业选校/顶校录取案例策略精选]]\n- [[wiki/07-背景提升/顶尖暑期项目库]]\n- [[wiki/07-背景'
    [4832] 美国大学中国区录取数据库2022.md | '- [[wiki/06-专业选校/美国大学申请数据TOP30]]\n- [[wiki/06-专业选校/美国申请体系与轮次]]\n- [[wiki/06-专业选校/ED-EA选校策略指南]]\n- [[wik'
    [4870] 美国大学申请数据TOP30.md | '- [[wiki/06-专业选校/美国申请体系与轮次]]\n- [[wiki/03-院校库/美国-常青藤/哈佛大学]]'
    [4880] 美国申请体系与轮次.md | '- [[wiki/06-专业选校/美国大学申请数据TOP30]]'
    [4888] 美国留学申请季操作手册.md | '- [[wiki/06-专业选校/美国申请体系与轮次]]\n- [[wiki/06-专业选校/留学申请顾问服务SOP与话术指南]]\n- [[wiki/06-专业选校/顶校录取案例策略精选]]\n- [[w'
    [4896] 美本推荐信撰写指南-给中国老师.md | '- [[wiki/06-专业选校/申请季顾问全流程月度工作手册]]\n- [[wiki/06-专业选校/美国留学申请季操作手册]]\n- [[wiki/07-背景提升/美研PS写作指南]]\n- [[wik'
    [4908] 英加大学选校指南.md | '- [[wiki/06-专业选校/美国申请体系与轮次|美国申请体系与轮次（EA/REA/ED1/ED2 + 截止日期表）]]\n- [[wiki/03-院校库/美国顶尖大学深度档案|美国顶尖大学深度档案'
    [4914] 音乐专业申请指南-美国TOP30.md | '- [[wiki/06-专业选校/美国大学申请数据TOP30]]\n- [[wiki/06-专业选校/美国申请体系与轮次]]\n- [[wiki/07-背景提升/顶尖暑期项目库]]（含音乐类夏校项目）\n-'
    [4929] 顶校录取案例策略精选.md | '- [[wiki/06-专业选校/美国申请体系与轮次]]\n- [[wiki/06-专业选校/美国大学申请数据TOP30]]'
    [4941] 顶校录取案例补充2020-2023.md | '- [[wiki/06-专业选校/北京顶级AP高中历届录取案例分析2016-2018]]\n- [[wiki/06-专业选校/顶校录取案例策略精选]]\n- [[wiki/07-背景提升/创意个人项目库-'
    [4946] Personal-Project设计与文书写作实战.md | '- [[wiki/07-背景提升/美研PS写作指南]]\n- [[wiki/07-背景提升/美研Essay写作指南]]\n- [[wiki/07-背景提升/创意个人项目库-跨学科方向]]\n- [[wiki'
    [4954] 创意个人项目库-跨学科方向.md | '- [[wiki/07-背景提升/顶尖暑期项目库]]\n- [[wiki/07-背景提升/竞赛指南]]\n- [[wiki/07-背景提升/学科项目库-人文理工]]\n- [[wiki/06-专业选校/留学'
    [4966] 学科项目库-人文理工.md | '- [[wiki/07-背景提升/竞赛指南]]\n- [[wiki/07-背景提升/顶尖暑期项目库]]'
    [4981] 竞赛指南.md | '- [[wiki/07-背景提升/顶尖暑期项目库]]'
    [4989] 综合学术竞赛与商科项目库.md | '- [[wiki/07-背景提升/竞赛指南]]\n- [[wiki/07-背景提升/学科项目库-人文理工]]\n- [[wiki/07-背景提升/顶尖暑期项目库]]\n- [[wiki/07-背景提升/顶校'
    [5003] 美研Essay写作指南.md | '- [[wiki/07-背景提升/美研PS写作指南]]\n- [[wiki/06-专业选校/美国申请体系与轮次]]'
    [5018] 美研PS写作指南.md | '- [[wiki/06-专业选校/美国申请体系与轮次]]\n- [[wiki/07-背景提升/美研Essay写作指南]]'
    [5046] 顶尖暑期项目库.md | '- [[wiki/07-背景提升/竞赛指南]]'
    [5066] 顶校Essay范文精选.md | '- [[wiki/07-背景提升/美研PS写作指南]]\n- [[wiki/07-背景提升/美研Essay写作指南]]'
    [5076] 顶校夏校申请要素与面试准备.md | '- [[wiki/07-背景提升/顶尖暑期项目库]]\n- [[wiki/07-背景提升/学科项目库-人文理工]]\n- [[wiki/07-背景提升/美研Essay写作指南]]\n- [[wiki/06-'
  进入去重的 chunk: 5037

  skip_list 加载: 118 个 skip 文件名

=== 去重分析 ===
  精确重复 (md5) 去除: 175 个
  近似重复去除:        6 个
  最终保留:            4856 个

=== 精确重复详情（被去除的 chunk，前 100 字） ===
  [2994] Grade 10 Course Selection 2022-2023.pdf | '选修课'
  [854] G6 视觉艺术 音乐.pdf | '际教学情况进行必要的调整。'
  [1044] SAT-ACT 小说文学素养强化教程FV1.1.pdf | 'cid:1)(cid:1)(cid:1)(cid:1)(cid:1)(cid:1)(cid:1)(cid:1)(cid:1)(cid:1)(cid:1)(cid:1)(cid:1)(cid:1)(ci'
  [1045] SAT-ACT 小说文学素养强化教程FV1.1.pdf | 'cid:1)(cid:1)(cid:1)(cid:1)(cid:1)(cid:1)(cid:1)(cid:1)(cid:1)(cid:1)(cid:1)(cid:1)(cid:1)(cid:1)(ci'
  [1046] SAT-ACT 小说文学素养强化教程FV1.1.pdf | 'cid:1)(cid:1)(cid:1)(cid:1)(cid:1)(cid:1)(cid:1)(cid:1)(cid:1)(cid:1)(cid:1)(cid:1)(cid:1)(cid:1)(ci'
  [1047] SAT-ACT 小说文学素养强化教程FV1.1.pdf | 'cid:1)(cid:1)(cid:1)(cid:1)(cid:1)(cid:1)(cid:1)(cid:1)(cid:1)(cid:1)(cid:1)(cid:1)(cid:1)(cid:1)(ci'
  [1048] SAT-ACT 小说文学素养强化教程FV1.1.pdf | 'cid:1)(cid:1)(cid:1)(cid:1)(cid:1)(cid:1)(cid:1)(cid:1)(cid:1)(cid:1)(cid:1)(cid:1)(cid:1)(cid:1)(ci'
  [1049] SAT-ACT 小说文学素养强化教程FV1.1.pdf | 'cid:1)(cid:1)(cid:1)(cid:1)(cid:1)(cid:1)(cid:1)(cid:1)(cid:1)(cid:1)(cid:1)(cid:1)(cid:1)(cid:1)(ci'
  [1050] SAT-ACT 小说文学素养强化教程FV1.1.pdf | 'cid:1)(cid:1)(cid:1)(cid:1)(cid:1)(cid:1)(cid:1)(cid:1)(cid:1)(cid:1)(cid:1)(cid:1)(cid:1)(cid:1)(ci'
  [1051] SAT-ACT 小说文学素养强化教程FV1.1.pdf | 'cid:1)(cid:1)(cid:1)(cid:1)(cid:1)(cid:1)(cid:1)(cid:1)(cid:1)(cid:1)(cid:1)(cid:1)(cid:1)(cid:1)(ci'
  [1052] SAT-ACT 小说文学素养强化教程FV1.1.pdf | 'cid:1)(cid:1)(cid:1)(cid:1)(cid:1)(cid:1)(cid:1)(cid:1)(cid:1)(cid:1)(cid:1)(cid:1)(cid:1)(cid:1)(ci'
  [1053] SAT-ACT 小说文学素养强化教程FV1.1.pdf | 'cid:1)(cid:1)(cid:1)(cid:1)(cid:1)(cid:1)(cid:1)(cid:1)(cid:1)(cid:1)(cid:1)(cid:1)(cid:1)(cid:1)(ci'
  [1054] SAT-ACT 小说文学素养强化教程FV1.1.pdf | 'cid:1)(cid:1)(cid:1)(cid:1)(cid:1)(cid:1)(cid:1)(cid:1)(cid:1)(cid:1)(cid:1)(cid:1)(cid:1)(cid:1)(ci'
  [1055] SAT-ACT 小说文学素养强化教程FV1.1.pdf | 'cid:1)(cid:1)(cid:1)(cid:1)(cid:1)(cid:1)(cid:1)(cid:1)(cid:1)(cid:1)(cid:1)(cid:1)(cid:1)(cid:1)(ci'
  [1056] SAT-ACT 小说文学素养强化教程FV1.1.pdf | 'cid:1)(cid:1)(cid:1)(cid:1)(cid:1)(cid:1)(cid:1)(cid:1)(cid:1)(cid:1)(cid:1)(cid:1)(cid:1)(cid:1)(ci'
  [1057] SAT-ACT 小说文学素养强化教程FV1.1.pdf | 'cid:1)(cid:1)(cid:1)(cid:1)(cid:1)(cid:1)(cid:1)(cid:1)(cid:1)(cid:1)(cid:1)(cid:1)(cid:1)(cid:1)(ci'
  [1058] SAT-ACT 小说文学素养强化教程FV1.1.pdf | 'cid:1)(cid:1)(cid:1)(cid:1)(cid:1)(cid:1)(cid:1)(cid:1)(cid:1)(cid:1)(cid:1)(cid:1)(cid:1)(cid:1)(ci'
  [1059] SAT-ACT 小说文学素养强化教程FV1.1.pdf | 'cid:1)(cid:1)(cid:1)(cid:1)(cid:1)(cid:1)(cid:1)(cid:1)(cid:1)(cid:1)(cid:1)(cid:1)(cid:1)(cid:1)(ci'
  [1060] SAT-ACT 小说文学素养强化教程FV1.1.pdf | 'cid:1)(cid:1)(cid:1)(cid:1)(cid:1)(cid:1)(cid:1)(cid:1)(cid:1)(cid:1)(cid:1)(cid:1)(cid:1)(cid:1)(ci'
  [1061] SAT-ACT 小说文学素养强化教程FV1.1.pdf | 'cid:1)(cid:1)(cid:1)(cid:1)(cid:1)(cid:1)(cid:1)(cid:1)(cid:1)(cid:1)(cid:1)(cid:1)(cid:1)(cid:1)(ci'
  [1062] SAT-ACT 小说文学素养强化教程FV1.1.pdf | 'cid:1)(cid:1)(cid:1)(cid:1)(cid:1)(cid:1)(cid:1)(cid:1)(cid:1)(cid:1)(cid:1)(cid:1)(cid:1)(cid:1)(ci'
  [1063] SAT-ACT 小说文学素养强化教程FV1.1.pdf | 'cid:1)(cid:1)(cid:1)(cid:1)(cid:1)(cid:1)(cid:1)(cid:1)(cid:1)(cid:1)(cid:1)(cid:1)(cid:1)(cid:1)(ci'
  [1064] SAT-ACT 小说文学素养强化教程FV1.1.pdf | 'cid:1)(cid:1)(cid:1)(cid:1)(cid:1)(cid:1)(cid:1)(cid:1)(cid:1)(cid:1)(cid:1)(cid:1)(cid:1)(cid:1)(ci'
  [1065] SAT-ACT 小说文学素养强化教程FV1.1.pdf | 'cid:1)(cid:1)(cid:1)(cid:1)(cid:1)(cid:1)(cid:1)(cid:1)(cid:1)(cid:1)(cid:1)(cid:1)(cid:1)(cid:1)(ci'
  [1066] SAT-ACT 小说文学素养强化教程FV1.1.pdf | 'cid:1)(cid:1)(cid:1)(cid:1)(cid:1)(cid:1)(cid:1)(cid:1)(cid:1)(cid:1)(cid:1)(cid:1)(cid:1)(cid:1)(ci'
  [2391] UpdatedPXCatalog.pdf | '3'
  [2381] UpdatedPXCatalog.pdf | 'H I G H S C H O O L C O U R S E C A T A L O G\n2022-2023'
  [2382] UpdatedPXCatalog.pdf | '258 Jinfeng Road, Huacao Town\nMinhang District, Shanghai\nChina 201107, Tel: 6221-1445\nSchoolwide Tra'
  [2383] UpdatedPXCatalog.pdf | 'Ms. Linsey Dotson Chinese Language Courses .........................................................'
  [2384] UpdatedPXCatalog.pdf | 'Shanghai American School inspires in all students: We believe that:\n上海美国学校激励并培养所有的学生:\nEmbracing dive'
  [2385] UpdatedPXCatalog.pdf | 'Prepares the student to pursue their preferred course'
  [2386] UpdatedPXCatalog.pdf | 'of study in the country of their choosing.\nThe Schools graduation requirements are designed to meet\n'
  [2387] UpdatedPXCatalog.pdf | 'aring\nDiploma candidates are required to select one subject from each\nof the six\n subject groups, al'
  [2425] UpdatedPXCatalog.pdf | 'AP Exams will receive the AP\nCapstone Certificate, signi- AP EXAM 3\nfying successful performance'
  [2426] UpdatedPXCatalog.pdf | 'in those courses.\nhttp://media.collegeboard.com/digitalServices/pdf/ap/ap-capstone-brochure.pdf\nFor '
  [2427] UpdatedPXCatalog.pdf | 'ation,\ncreativity, and critical thinking.\n2. Integrate core academic disciplines\n so that students e'
  [2428] UpdatedPXCatalog.pdf | '10Asian History AP SeminarThe Innovation Institute is founded on four core principles.Physics-Chemis'
  [2429] UpdatedPXCatalog.pdf | 'projects, students engage in design thinking processes and receive\nimplementation of project-based l'
  [2430] UpdatedPXCatalog.pdf | 'assessments such as quizzes, exams, and essays; however, they\nand all students taking a specific cou'
  [2431] UpdatedPXCatalog.pdf | 'IB English A: Literature HS1130 11 HS2131 11\n2 IB History HL Y1-Y2 2'
  [2432] UpdatedPXCatalog.pdf | 'IB English A: Lang. & Lit. HS1111 11 HS2145 11\n2 IB Philosophy SL Y1-Y2  2'
  [2433] UpdatedPXCatalog.pdf | 'IB English A: Lang. & Lit. HS1131 11 IB Environmental Systems & HS4115 1 Science 11\n2\nHL Y1-Y2 HS114'
  [2434] UpdatedPXCatalog.pdf | 'AP English Lit. & Composition HS1201 1 11,12'
  [2435] UpdatedPXCatalog.pdf | 'IB Psychology HL Y1-Y2 2\nMATHEMATICS page 16'
  [2436] UpdatedPXCatalog.pdf | 'Course HS2114 11\nCourse Credits Grades IB Economics SL Y1-Y2 2\nCodes HS2124 12\nIntegrated Math 1 (IM'
  [2437] UpdatedPXCatalog.pdf | 'Integrated Math 2 (IM2) HS3205 1 9,10,11\nIB Global Politics SL HS2153 1 11,12\nIntegrated Math 3 (IM3'
  [2438] UpdatedPXCatalog.pdf | 'Advanced Pre-Calculus HS3005 1 10,11\nIB Business & Management HL HS2137 11\n2\nCalculus HS3006 1 10,11'
  [2439] UpdatedPXCatalog.pdf | 'Multivariable Calculus & Series HS3204 1 12 Politics\nThese courses will be taught online through Pam'
  [2440] UpdatedPXCatalog.pdf | 'Accelerated Intermediate Spanish HS5051 1 9,10,11,12'
  [2441] UpdatedPXCatalog.pdf | 'IB Biology HL Y1-Y2 2\nHS4140 12 Spanish 3 HS5007 1 9,10,11,12\nHS4111 11 Spanish 4 HS5008 1 10,11,12\n'
  [2442] UpdatedPXCatalog.pdf | 'IB Spanish B HS5111 11\n2'
  [2443] UpdatedPXCatalog.pdf | 'IB Chemistry HL Y1-Y2 2'
  [2444] UpdatedPXCatalog.pdf | 'IB Spanish B HS5131 11\n2'
  [2445] UpdatedPXCatalog.pdf | 'IB Physics SL Y1-Y2 2'
  [2446] UpdatedPXCatalog.pdf | 'IB Spanish Ab Initio HS5155 11\n2'
  [2447] UpdatedPXCatalog.pdf | 'IB Physics HL Y1-Y2 2'
  [2448] UpdatedPXCatalog.pdf | 'AP Biology HS4200 1 11,12 CHINESE LANGUAGE page 33\nAP Chemistry HS4201 1 11,12 Course\nCourse Credits'
  [2449] UpdatedPXCatalog.pdf | 'Electricity & Magnetism Intermediate Low HS5025 1 9,10,11,12\nIntermediate Mid HS5026 1 9,10,11,12\nIn'
  [2450] UpdatedPXCatalog.pdf | 'IB Mandarin Ab Initio SL 2'
  [2451] UpdatedPXCatalog.pdf | 'IB Mandarin B SL Y1-Y2 2'
  [2452] UpdatedPXCatalog.pdf | 'IB Mandarin B HL Y1-Y2 2'
  [2453] UpdatedPXCatalog.pdf | 'IB Chinese A: Lang. & Lit. SL HS5114 11\n2'
  [2454] UpdatedPXCatalog.pdf | 'IB Chinese A: Lang. & Lit. HL HS5134 11\n2'
  [2455] UpdatedPXCatalog.pdf | '11\nVISUAL ARTS page 38 PHYSICAL & HEALTH EDUCATION page 44\nCourse Course\nCourse Credits Grades Cours'
  [2456] UpdatedPXCatalog.pdf | 'Instructor\nAdvanced Art Studio HS6208 1 11,12\nPE 3  Lifeguarding HS7007 0.5 11,12'
  [2457] UpdatedPXCatalog.pdf | 'IB Visual Art SL Y1-Y2 2'
  [2458] UpdatedPXCatalog.pdf | 'HS6130 11 ELECTIVE COURSES page 47\nIB Visual Art HL Y1-Y2 2\nHS6140 12 Course\nCourse Credits Grades\nH'
  [2459] UpdatedPXCatalog.pdf | 'Theory of Knowledge Y1-Y2 1'
  [2460] UpdatedPXCatalog.pdf | 'IB Film HL Y1-Y2 2'
  [2461] UpdatedPXCatalog.pdf | 'AP Capstone Research HS8400 1 11,12\nFor the Grade 9 / Grade 10 Innovation Institute students only.\nI'
  [2462] UpdatedPXCatalog.pdf | 'Music Theory, IB Computer Science SL Y1-Y2 2 11,12'
  [2463] UpdatedPXCatalog.pdf | 'Composition and Technology'
  [2464] UpdatedPXCatalog.pdf | 'Guitar 1 HS6026 1 9,10,11,12 IB Computer Science HL Y1-Y2 HS8145 2 11,12\nGuitar 2 HS6027 1 9,10,11,1'
  [2465] UpdatedPXCatalog.pdf | 'IB Music SL Y1-Y2 2 11,12'
  [2466] UpdatedPXCatalog.pdf | 'IB Music HL Y1-Y2 HS6131 2 11,12 LEARNING SUPPORT page 50'
  [2467] UpdatedPXCatalog.pdf | 'Course\nCourse Credits Grades\nIntroduction to Theatre HS6029 1 9,10,11,12 Code\nAdvanced Theatre HS603'
  [2468] UpdatedPXCatalog.pdf | 'Audio Production'
  [2469] UpdatedPXCatalog.pdf | '0.5 10,11,12\nONLINE LEARNING page 51'
  [2470] UpdatedPXCatalog.pdf | 'Course\nCourse Credits Grades\nDance 1-2 HS7010 0.5-1 9,10,11,12 Codes\nHS6112 11 Pamoja Education HS0 '
  [2471] UpdatedPXCatalog.pdf | 'Virtual High School HS9100 TBD 11,12'
  [2472] UpdatedPXCatalog.pdf | 'IB Theatre HL Y1-Y2 2\nHS6142 12 Global Online Academy HS9103 TBD 11,12\n12'
  [2473] UpdatedPXCatalog.pdf | 'English Department Flow Chart\nGrade 9 students must enroll in:\nEnglish 9\nGrade 10 students must enro'
  [2474] UpdatedPXCatalog.pdf | 'kills of of SL, requiring more texts to be used and a longer presentation.\nclose\n reading and litera'
  [2475] UpdatedPXCatalog.pdf | ' some in translation, in order to complete the IB as-Prerequisites: English 10 sessment tasks.Credit'
  [2476] UpdatedPXCatalog.pdf | ' critical analysis of imaginative\nindependent textual analysis, critical reading\n and the powers of\n'
  [2477] UpdatedPXCatalog.pdf | ', that provide a guide to the learning in each part of the course. Prerequisites: English 10Credits:'
  [2478] UpdatedPXCatalog.pdf | 'Mathematics Department Flow Chart\n8th grade 9th grade 10th grade 11th grade 12th grade\nCalculus\nPre-'
  [2479] UpdatedPXCatalog.pdf | 'AP Statistics AP Statistics\nIB SL Applications and Interpretation\nIB SL Analysis and Approaches'
  [2490] UpdatedPXCatalog.pdf | ' subject that tackles questions important tothem for continued study in the Social Studies area. hum'
  [2491] UpdatedPXCatalog.pdf | 'uizzes, unit\nunderstanding of the interrelationships between environmental tests\n, and research proj'
  [2492] UpdatedPXCatalog.pdf | ' will cover units includingbe constantly drawn to their own relationship with their environment basi'
  [2493] UpdatedPXCatalog.pdf | 'd students are encour-\naged to develop empathy for the feelings, needs and lives\n of oth-\ners within'
  [2494] UpdatedPXCatalog.pdf | 'culturalunderstanding and respect. In the core of the IB Psychologycourse, the biological level of a'
  [2495] UpdatedPXCatalog.pdf | '\nSocial and ethical significance\nment exam. Strong English reading comprehension\n and writing\nApplic'
  [2496] UpdatedPXCatalog.pdf | ' technological Prerequisites: Asian HistoryCredits: 1.0innovations and their social and ethical impa'
  [2497] UpdatedPXCatalog.pdf | 'al exam at the end of\nthat apply to the functions of individual decision makers,\n both the school ye'
  [2498] UpdatedPXCatalog.pdf | '; sovereignty, authorityinto peoples behavior and decisions. and power; political institutions; citi'
  [2499] UpdatedPXCatalog.pdf | 'Science Department Flow Chart\nGrade 9 students must enroll in:\nPhysics-Chemistry Lab Science\nGrade 1'
  [2500] UpdatedPXCatalog.pdf | ' The scientific skills that we practice and complete will not istic appreciation\n of environmental i'
  [2501] UpdatedPXCatalog.pdf | ' their own lives. It is intended that studentsscientific explanations from evidence, and engaging in'
  [2502] UpdatedPXCatalog.pdf | 'ation of laboratory skills.\nand health. Students will cover both core and option\n topics and In year'
  [2503] UpdatedPXCatalog.pdf | ' measurement and one OptionAs stated in the IB guide, this course incorporates the traditional which'
  [2504] UpdatedPXCatalog.pdf | 'lus or\nPhotosynthesis, Plant Biology, Genetics and Evolution, and Animal HL math\n courses.\nPhysiolog'
  [2507] UpdatedPXCatalog.pdf | ' Science Although AP Calculus or IB Math HL can be taken concurrently,Credits: 1.0success in AP Phys'
  [2508] UpdatedPXCatalog.pdf | 'Global Languages Department Flow Chart\nMiddle School Grade 9 Grade 10 Grade 11 Grade 12\nAb Initio is'
  [2509] UpdatedPXCatalog.pdf | 'Completed Accelerated Accelerated IB French IB French\n1 Year Novice Intermediate SL Y1 SL Y2\nor no F'
  [2510] UpdatedPXCatalog.pdf | 'dness through the\nstudy of the French language and Francophone cultures. At both\n\nlevels of language'
  [2511] UpdatedPXCatalog.pdf | ' in French through the study of language, themes andon familiar and more abstract topics. Students w'
  [2512] UpdatedPXCatalog.pdf | 'ical needs; introduce students to the culture of\nyear one of IB Spanish Standard\n Level (or higher l'
  [2513] UpdatedPXCatalog.pdf | ' aims of thisunderstand more complex audio files and written texts.course are to develop students ab'
  [2514] UpdatedPXCatalog.pdf | 'eakers and countries. This\ncourse is organized into three themes: individual and\n society, leisure\nB'
  [2515] UpdatedPXCatalog.pdf | 'enses in which they can com-tion for further study of the target language; provide enjoyment andmuni'
  [2516] UpdatedPXCatalog.pdf | 'Chinese Department Flow Chart\nNovice IB Mandarin\n(single-year course) Ab Initio\n(two-year course)\nIn'
  [2517] UpdatedPXCatalog.pdf | '(two-year course)\nAdvanced Mid\n(1-2 year year course)\nIB Chinese A:\nLanguage &\nAdvanced High Literat'
  [2518] UpdatedPXCatalog.pdf | 'IB Mandarin B'
  [2519] UpdatedPXCatalog.pdf | 'AP Chinese and\nCulture\nIB Mandarin\nAb Initio\n34'
  [2520] UpdatedPXCatalog.pdf | 'leveL\nycneicfiorP'
  [2683] HSPDCourseCatalog2223Feb16.pdf | 'leveL\nycneicfiorP'
  [2530] UpdatedPXCatalog.pdf | 'Visual Arts Department Flow Chart\nGrade 9 students may take: Innovation Institute students will take'
  [2531] UpdatedPXCatalog.pdf | ' objectives to include specific concepts as students context of art-making, both\n historical and con'
  [2532] UpdatedPXCatalog.pdf | ' developed utiliz- explore a variety of 2-D and 3-D media and techniques. Studentsing a sketchbook t'
  [2533] UpdatedPXCatalog.pdf | 'cumentation of personal research and the exploration close textual analysis of a\n film, a comparativ'
  [2534] UpdatedPXCatalog.pdf | ' we deconstruct these films down to theirration of artists, ideas, materials and techniques. Student'
  [2535] UpdatedPXCatalog.pdf | 'Performing Arts Department Flow Chart\nGrade 9 students may choose the course below based on meeting '
  [2536] UpdatedPXCatalog.pdf | ' is open to all woodwind, brass, and\nThis is an introductory course dealing with\n the techniques and'
  [2537] UpdatedPXCatalog.pdf | ': HS6026be taken more than once. Duration: YearCredits: 1.0 Prerequisites: None. Guitar 1 can be tak'
  [2538] UpdatedPXCatalog.pdf | 'e able to analyze to improve posture, strength, flexibility, endurance, agility,\n bal-\nany work and '
  [2539] UpdatedPXCatalog.pdf | 'ic features, and fun or as a performer. This course combines dance exercises,structural elements. By'
  [2540] UpdatedPXCatalog.pdf | ' and conventions, students will grow in their ability to\nof their own choosing.\n\ncomprehend the worl'
  [2541] UpdatedPXCatalog.pdf | 'het-ics, historical and cultural awareness, and the interconnections ofHigher Level Coursework: The '
  [2542] UpdatedPXCatalog.pdf | 'Physical And Health Education Department Flow Chart\nGrade 9 students will take:\nPhysical & Health Ed'
  [2543] UpdatedPXCatalog.pdf | 'Personal Fitness Swimming & Water Lifeguarding Dance 1-2\nSafety Instructor (semester course)\n(semest'
  [2544] UpdatedPXCatalog.pdf | 'udents with a guaranteed and\napps and websites, as they add meaning through real\n-life learning, via'
  [2545] UpdatedPXCatalog.pdf | ' set personal goals aimed at improving and collaborative, organizational and leadership skills. Stud'
  [2546] UpdatedPXCatalog.pdf | 'the aquatic environment. participate in all activities, successfully perform the\n required\nskills, c'
  [2547] UpdatedPXCatalog.pdf | 'atory quizzes and the final written exam with a CPR/AED, which is valid for 2 calendar years from th'
  [2548] UpdatedPXCatalog.pdf | 'Students may choose any of the courses below based on meeting prerequisites:\nIntro to AP Computer AP'
  [2549] UpdatedPXCatalog.pdf | 'rther develop the skills acquired in the AP Seminar course\nby learning about and\n understanding rese'
  [2550] UpdatedPXCatalog.pdf | ' sequence of courses for computerstudents design, plan, and conduct a year long mentored, research- '
  [2551] UpdatedPXCatalog.pdf | 'ing, and will work together to create profes-\nsional, mobile responsive websites\n. Virtual Reality i'
  [2552] UpdatedPXCatalog.pdf | 'What are my unique skills and passions, and how might they page websites.contribute to a successful '
  [2553] UpdatedPXCatalog.pdf | ' society and on\nthe individual.\n49\nIB Sports, Exercise, & Health Science SL Y1-Y\n2\nCourse Codes: 703'
  [2554] UpdatedPXCatalog.pdf | ' systems.in JavaScript.In this course you will make games using JavaScript and GameMaker Studio. You'
  [2555] UpdatedPXCatalog.pdf | 'Student may be placed into the following class:\nLearning Support\nLearning Support\nCourse Code: HS890'
  [2556] UpdatedPXCatalog.pdf | 'Grade 9 Student may be placed into the following class:\nEnglish 9: Sheltered\nImmersion EAL Course\nEn'
  [2557] UpdatedPXCatalog.pdf | 'Grade 11/12 may enroll in the following online learning options:\nPamoja Education Virtual High Schoo'
  [2558] UpdatedPXCatalog.pdf | '2. Communicate and empathize with people who have perspectives different from your own.'
  [2632] HSPDCourseCatalog2223Feb16.pdf | '2. Communicate and empathize with people who have perspectives different from your own.'
  [2559] UpdatedPXCatalog.pdf | 'Students will need to complete an application from the counseling office and return it. Once they ar'
  [2560] UpdatedPXCatalog.pdf | 'Inc.\nVirtual High School\nWelcome to\nVirtual High School\nGlobal Consortium\nSAS students in grades 11 '
  [2561] UpdatedPXCatalog.pdf | 'rof\n)gro.SHVog.www('
  [2562] UpdatedPXCatalog.pdf | 'loohcS\nhgiH\nlautriV\neht morf esruoc enilno\nna\nekat\not\ntseuqer\nyam\n21\ndna 11 sedarg\nni stnedutS\nehT\n.'
  [2563] UpdatedPXCatalog.pdf | 'ni stneduts\not ydutS'
  [2564] UpdatedPXCatalog.pdf | 'dna\n,ygolonhceT\n,sei\neht\nno\nraeppa\nlliw\nesruoc'
  [2565] UpdatedPXCatalog.pdf | 'eht\nrof\nedarg\nehT\n.rehcaet SAS-non a\nmorf\nenilno\nyleritne\nnekat\neb\nlliw sesruoc\nesehT .tiderc\nta\neti'
  [2566] UpdatedPXCatalog.pdf | 'a\nekat ot tneduts SAS devorppa\nna\nrof\ntsoc\non\nsi erehT\n.lavorppa\nevitartsinimda\n.)gro.anihcsas@ydoom'
  [2567] UpdatedPXCatalog.pdf | 'I yhposolihP\nyroehT\nrebmuN\nsyaD\n08 ni dlroW eht dnuorA\necneicS\nlatnemnorivnE'
  [2568] UpdatedPXCatalog.pdf | 'waL lacitcarP\nyrtemronogirT\ndecnavdA\n:suluclaC-erP\ngnitirW evitaerC\nerutluC\ndna\negaugnaL\nhcnerF PA\ns'
  [2569] UpdatedPXCatalog.pdf | 'selpicnirP\nymonortsA\nlautiR\nsdnalsI\nnaebbiraC\neht fo trA\n:yrotsiH\ntrA\n7781\n- 5471 :yrotsiH'
  [2570] UpdatedPXCatalog.pdf | 'yrtsimehcoiB\nseitsaeB\ndeggeL-gnoL\ndna ,seitsohG ,seiluohG\nyrotsiH\ntrA gnitaerC\ntneserP\n- 7781 :yrots'
  [2571] UpdatedPXCatalog.pdf | 'scihteoiB\nsretirW rorroH\ncisuM\npoP\nnaciremA\ndna yrotsiH\nnoitcudortnI\nsnoitaN\ndetinU\na ,tciflnoC\ndlro'
  [2572] UpdatedPXCatalog.pdf | 'gnitirW yrteoP\necneicS\nsmetsyS\necapS\ndna\nhtraE\nslatnemadnuF\ngnitirwneercS\nssenisuB\nygolonhceT\ndna ec'
  [2573] UpdatedPXCatalog.pdf | 'scimedipE\ndribgnikcoM a lliK\noT\nssenisuB\nnwO\nruoY\ngnitratS\n:pihsruenerpertnE\navaJ\ngnisU\ngnireenignE\n'
  [2574] UpdatedPXCatalog.pdf | 'loC\nnI esU naC uoY htaM\ngnikamecaeP\ncigoL\ndna\ngninosaeR lacitamehtaM\nyticirtcelE\n\nfo scitamehtaM\nero'
  [2575] UpdatedPXCatalog.pdf | ' all students:上海美国学校激励并培养所有的学生:A lifelong passion for learning终身学习的热情A commitment to act with integr'
  [2025] 2018年 星河湾 申请录取结果.pdf | '上海星河湾双语学校\n天寒难锁新春意，元宵谜会喜相逢 ——记星河湾六年级元宵节灯谜活动\n上海星河湾双语学校'
  [2125] HFI - 学生手册选课必看部分_批注.pdf | 'Courses available\nThe school currently plans to offer these courses for the coming academic year:\nGr'
  [2126] HFI - 学生手册选课必看部分_批注.pdf | 'Science Magnetism\nAP Chemistry   6\nAP Biology   6\nAP Environmental Science   6\nAP Calculus AB   4\nAP'
  [2127] HFI - 学生手册选课必看部分_批注.pdf | 'se. There are also some other restrictions which apply.\nDetails are given below.\n Note that grade re'
  [2128] HFI - 学生手册选课必看部分_批注.pdf | ' level of English, others need high level of math). As a result, most courseshave entry requirements'
  [2129] HFI - 学生手册选课必看部分_批注.pdf | '2) You must also take and\npass a test during the first\nAP Math\nweek of study. If you do not\nreach th'
  [2130] HFI - 学生手册选课必看部分_批注.pdf | 'Advanced Grade of 93 or higher AP You can only take one\nCalculus Calculus BC and a score of calculus'
  [2131] HFI - 学生手册选课必看部分_批注.pdf | 'restricted to AP10 when it\nfirst opens.\nWhat are the regulations for adding a course?\nIt is extremel'
  [3096] 附件2：商赛、经济、综合类师资介绍Teachers for Business Economics Competition.pdf | 'Masters degree from Harvard Business School, Bachelor of Philosophy from Harvard. Judge of NEC China'
  [3844] [Arden Shakespeare_ Third Series] William Shakespeare, Katherine Duncan-Jones (editor) - Shakespeare's Sonnets (1997, Bloomsbury Arden Shakespeare) - libgen.li.pdf | '-'

=== 近似重复详情（被去除的 chunk，前 100 字） ===
  [1763] Shanghai American School_Course_Catalogue_2223_Dec15.pdf | 'The aim of all IB Programmes is to develop internationally mindedpeople who, recognizing their commo'
  [1831] Shanghai American School_Course_Catalogue_2223_Dec15.pdf | 'Social Studies Department Flow Chart\nGrade 9 students must enroll in:\nAsian History\nGrade 10 student'
  [2505] UpdatedPXCatalog.pdf | ' study (Option)will be selected from relativity, engineering physics, imaging andHigher Level Course'
  [1864] Shanghai American School_Course_Catalogue_2223_Dec15.pdf | 'The SAS Chinese Program\nThe goal of the Chinese program is to enable students to\nadvocate for self, '
  [2149] HFI Student Handbook 2020-21 v1.3-Section-4.pdf | 'Science Magnetism\nAP Chemistry   6\nAP Biology   6\nAP Environmental Science   6\nAP Calculus AB   4\nAP'
  [4547] 碧桂园竞赛&学院活动规划.xlsx | '政商财经精英的摇篮。\n现已覆盖国内20多个省份和地区、300 余所学校，众多学生已被哈佛、耶鲁、牛津、剑桥等世界一流名校录取，并获得华尔街知名金融机构广泛认可。\nNEC旨在激发学生对经济学知识的兴趣、'

=== Pass 2: 写出 chunks_all_deduped.jsonl ===
  写出 chunk 数: 4856

=== 修复汇总 ===
  输入 chunk 数:      5077
  P3 纯链接节跳过:    40
  精确重复去除:       175
  近似重复去除:       6
  输出 chunk 数:      4856
  净减少:             221

=== 完成 2026-06-08 20:56:52 ===
