[10:59:58] === incremental_ingest.py 开始 2026-06-10 10:59:58 ===
[10:59:58] DASHSCOPE_API_KEY: 已找到（前8位: sk-bb4bb...）
[11:00:01] 连接 Chroma: ./chroma_db
[11:00:02] 读取 Chroma 中已有 chunk_id…（collection.count = 4619）
[11:00:02] Chroma 已有 4619 个 chunk_id
[11:00:02] 读取: output/chunks_all_final.jsonl
[11:00:03] jsonl 共 27504 个 chunk
[11:00:03] 新增 chunk 数量: 22885（跳过已有 4619 个）
[11:00:08] 开始增量向量化 + 写入（共 2289 批，每批 10 个）
[11:00:08] 提示：第一批冷启动约 300-600 秒，后续每批约 2 秒
[11:00:18]   进度: 1/2289 批 (0%) | 本次新增: 10 | 耗时: 10s
[11:21:13] === incremental_ingest.py 开始 2026-06-10 11:21:13 ===
[11:21:13] DASHSCOPE_API_KEY: 已找到（前8位: sk-bb4bb...）
[11:21:15] 连接 Chroma: ./chroma_db
[11:21:16] 读取 Chroma 中已有 chunk_id…（collection.count = 4639）
[11:21:16] Chroma 已有 4639 个 chunk_id
[11:21:16] 读取: output/chunks_all_final.jsonl
[11:21:16] jsonl 共 27504 个 chunk
[11:21:16] 检测到断点续传文件，已有 20 个本次已入库 ID
[11:21:16] 新增 chunk 数量: 22865（跳过已有 4639 个）
[11:21:19] 开始增量向量化 + 写入（共 458 批，每批 50 个）
[11:21:19] 提示：第一批冷启动约 300-600 秒，后续每批约 2 秒
[11:35:58] === incremental_ingest.py 开始 2026-06-10 11:35:58 ===
[11:35:58] DASHSCOPE_API_KEY: 已找到（前8位: sk-bb4bb...）
[11:36:00] 连接 Chroma: ./chroma_db
[11:36:00] 读取 Chroma 中已有 chunk_id…（collection.count = 4639）
[11:36:00] Chroma 已有 4639 个 chunk_id
[11:36:00] 读取: output/chunks_all_final.jsonl
[11:36:01] jsonl 共 27504 个 chunk
[11:36:01] 检测到断点续传文件，已有 20 个本次已入库 ID
[11:36:01] 新增 chunk 数量: 22865（跳过已有 4639 个）
[11:36:05] 开始增量向量化 + 写入（共 458 批，每批 50 个）
[11:36:05] 提示：第一批冷启动约 300-600 秒，后续每批约 2 秒
[14:19:42] === incremental_ingest.py 开始 2026-06-10 14:19:42 ===
[14:19:42] DASHSCOPE_API_KEY: 已找到（前8位: sk-bb4bb...）
[14:19:44] 连接 Chroma: ./chroma_db
[14:19:45] 读取 Chroma 中已有 chunk_id…（collection.count = 4639）
[14:19:45] Chroma 已有 4639 个 chunk_id
[14:19:45] 读取: output/chunks_all_final.jsonl
[14:19:45] jsonl 共 27504 个 chunk
[14:19:45] 检测到断点续传文件，已有 20 个本次已入库 ID
[14:19:45] 新增 chunk 数量: 22865（跳过已有 4639 个）
[14:19:49] 开始增量向量化 + 写入（共 458 批，每批 50 个）
[14:19:49] 提示：第一批冷启动约 300-600 秒，后续每批约 2 秒
[15:03:16] === incremental_ingest.py 开始 2026-06-10 15:03:16 ===
[15:03:16] DASHSCOPE_API_KEY: 已找到（前8位: sk-bb4bb...）
[15:03:18] 连接 Chroma: ./chroma_db
[15:03:19] 读取 Chroma 中已有 chunk_id…（collection.count = 4639）
[15:03:19] Chroma 已有 4639 个 chunk_id
[15:03:19] 读取: output/chunks_all_final.jsonl
[15:03:19] jsonl 共 27504 个 chunk
[15:03:19] 检测到断点续传文件，已有 20 个本次已入库 ID
[15:03:19] 新增 chunk 数量: 22865（跳过已有 4639 个）
[15:03:22] 开始增量向量化 + 写入（共 458 批，每批 50 个）
[15:03:22] 提示：第一批冷启动约 300-600 秒，后续每批约 2 秒
[15:30:59] === incremental_ingest.py 开始 2026-06-10 15:30:59 ===
[15:30:59] DASHSCOPE_API_KEY: 已找到（前8位: sk-bb4bb...）
[15:31:02] 连接 Chroma: ./chroma_db
[15:31:03] 读取 Chroma 中已有 chunk_id…（collection.count = 4639）
[15:31:03] Chroma 已有 4639 个 chunk_id
[15:31:03] 读取: output/chunks_all_final.jsonl
[15:31:04] jsonl 共 27504 个 chunk
[15:31:04] 检测到断点续传文件，已有 20 个本次已入库 ID
[15:31:04] 新增 chunk 数量: 22865（跳过已有 4639 个）
[15:31:07] 开始增量向量化 + 写入（共 458 批，每批 50 个）
[15:31:07] 提示：第一批冷启动约 300-600 秒，后续每批约 2 秒
[15:31:34]   进度: 1/458 批 (0%) | 本次新增: 50 | 耗时: 27s
[15:48:11]   进度: 50/458 批 (11%) | 本次新增: 2500 | 耗时: 1024s
[16:03:32]   进度: 100/458 批 (22%) | 本次新增: 5000 | 耗时: 1944s
[16:27:25]   进度: 150/458 批 (33%) | 本次新增: 7500 | 耗时: 3378s
[18:27:39] === incremental_ingest.py 开始 2026-06-10 18:27:39 ===
[18:27:39] DASHSCOPE_API_KEY: 已找到（前8位: sk-bb4bb...）
[18:27:41] 连接 Chroma: ./chroma_db
[18:27:42] 读取 Chroma 中已有 chunk_id…（collection.count = 14389）
[18:27:42] Chroma 已有 14389 个 chunk_id
[18:27:42] 读取: output/chunks_all_final.jsonl
[18:27:43] jsonl 共 27504 个 chunk
[18:27:43] 检测到断点续传文件，已有 9770 个本次已入库 ID
[18:27:43] 新增 chunk 数量: 13115（跳过已有 14389 个）
[18:27:46] 开始增量向量化 + 写入（共 263 批，每批 50 个）
[18:27:46] 提示：第一批冷启动约 300-600 秒，后续每批约 2 秒
[18:32:00]   进度: 1/263 批 (0%) | 本次新增: 50 | 耗时: 254s
[20:30:39]   进度: 50/263 批 (19%) | 本次新增: 2500 | 耗时: 7373s
[20:45:47]   进度: 100/263 批 (38%) | 本次新增: 5000 | 耗时: 8281s
[21:02:14]   进度: 150/263 批 (57%) | 本次新增: 7500 | 耗时: 9268s
[21:32:42]   进度: 200/263 批 (76%) | 本次新增: 10000 | 耗时: 11096s
[21:52:35]   进度: 250/263 批 (95%) | 本次新增: 12500 | 耗时: 12289s
[21:56:22] 向量化完成，总耗时: 12517s (208.6 分钟)
[21:56:23] Chroma 验证：collection.count() = 27064（jsonl 总量: 27504）
[21:56:23] [警告] 入库数量 27064 < jsonl 总量 27504，可能有重复 ID 被覆盖或入库失败，请检查
[21:56:23] Chroma 路径: /Users/yangyang/Desktop/留学_数据清洗/chroma_db
[21:56:23] === 完成 2026-06-10 21:56:23 ===
