[16:19:51] === rebuild_chroma.py 开始 2026-06-09 16:19:51 ===
[16:19:51] DASHSCOPE_API_KEY: 已找到（前8位: sk-bb4bb...）
[16:19:51] 读取: output/chunks_all_final.jsonl
[16:19:51] 共 4619 个 chunk 待入库
[16:19:53] 连接 Chroma: ./chroma_db
[16:19:53] 删除旧 collection 'study_abroad_kb'（原有 0 个向量）
[16:19:53] 创建新 collection 'study_abroad_kb' 完成
[16:19:56] 初始化 VectorStoreIndex...
[16:19:57] 开始向量化 + 写入（共 462 批，每批 10 个）
[16:19:57] 提示：第一批冷启动约 300-600 秒，后续每批约 2 秒
[16:20:00]   进度: 1/462 批 (0%) | 已入库: 10 | 耗时: 3s
[16:22:27]   进度: 50/462 批 (11%) | 已入库: 500 | 耗时: 151s
[16:25:07]   进度: 100/462 批 (22%) | 已入库: 1000 | 耗时: 310s
[16:27:56]   进度: 150/462 批 (32%) | 已入库: 1500 | 耗时: 480s
[16:30:31]   进度: 200/462 批 (43%) | 已入库: 2000 | 耗时: 634s
[16:48:14]   进度: 250/462 批 (54%) | 已入库: 2500 | 耗时: 1698s
[16:51:03]   进度: 300/462 批 (65%) | 已入库: 3000 | 耗时: 1867s
[16:54:16]   进度: 350/462 批 (76%) | 已入库: 3500 | 耗时: 2059s
[16:56:55]   进度: 400/462 批 (87%) | 已入库: 4000 | 耗时: 2218s
[16:59:24]   进度: 450/462 批 (97%) | 已入库: 4500 | 耗时: 2367s
[16:59:57] 向量化完成，总耗时: 2401s (40.0 分钟)
[16:59:57] Chroma 验证：collection.count() = 4619
[16:59:57] 验证通过：4619 个 chunk 全部入库
[16:59:57] Chroma 路径: /Users/yangyang/Desktop/留学_数据清洗/chroma_db
[16:59:57] === 完成 2026-06-09 16:59:57 ===
